Archive member included to satisfy reference by file (symbol)

/home/developer/SimplicityStudio_v5/developer/toolchains/gnu_arm/12.2.rel1_2023.7/bin/../lib/gcc/arm-none-eabi/12.2.1/thumb/v8-m.main+fp/hard/libgcc.a(_aeabi_ldivmod.o)
                              ./simplicity_sdk_2024.6.2/platform/emlib/src/em_usart.o (__aeabi_ldivmod)
/home/developer/SimplicityStudio_v5/developer/toolchains/gnu_arm/12.2.rel1_2023.7/bin/../lib/gcc/arm-none-eabi/12.2.1/thumb/v8-m.main+fp/hard/libgcc.a(_aeabi_uldivmod.o)
                              ./simplicity_sdk_2024.6.2/platform/emlib/src/em_usart.o (__aeabi_uldivmod)
/home/developer/SimplicityStudio_v5/developer/toolchains/gnu_arm/12.2.rel1_2023.7/bin/../lib/gcc/arm-none-eabi/12.2.1/thumb/v8-m.main+fp/hard/libgcc.a(_udivmoddi4.o)
                              /home/developer/SimplicityStudio_v5/developer/toolchains/gnu_arm/12.2.rel1_2023.7/bin/../lib/gcc/arm-none-eabi/12.2.1/thumb/v8-m.main+fp/hard/libgcc.a(_aeabi_ldivmod.o) (__udivmoddi4)
/home/developer/SimplicityStudio_v5/developer/toolchains/gnu_arm/12.2.rel1_2023.7/bin/../lib/gcc/arm-none-eabi/12.2.1/thumb/v8-m.main+fp/hard/libgcc.a(_dvmd_tls.o)
                              /home/developer/SimplicityStudio_v5/developer/toolchains/gnu_arm/12.2.rel1_2023.7/bin/../lib/gcc/arm-none-eabi/12.2.1/thumb/v8-m.main+fp/hard/libgcc.a(_aeabi_ldivmod.o) (__aeabi_ldiv0)
/home/developer/SimplicityStudio_v5/developer/toolchains/gnu_arm/12.2.rel1_2023.7/bin/../lib/gcc/arm-none-eabi/12.2.1/../../../../arm-none-eabi/lib/thumb/v8-m.main+fp/hard/libc_nano.a(libc_a-exit.o)
                              /home/developer/SimplicityStudio_v5/developer/toolchains/gnu_arm/12.2.rel1_2023.7/bin/../lib/gcc/arm-none-eabi/12.2.1/../../../../arm-none-eabi/lib/thumb/v8-m.main+fp/hard/crt0.o (exit)
/home/developer/SimplicityStudio_v5/developer/toolchains/gnu_arm/12.2.rel1_2023.7/bin/../lib/gcc/arm-none-eabi/12.2.1/../../../../arm-none-eabi/lib/thumb/v8-m.main+fp/hard/libc_nano.a(libc_a-init.o)
                              /home/developer/SimplicityStudio_v5/developer/toolchains/gnu_arm/12.2.rel1_2023.7/bin/../lib/gcc/arm-none-eabi/12.2.1/../../../../arm-none-eabi/lib/thumb/v8-m.main+fp/hard/crt0.o (__libc_init_array)
/home/developer/SimplicityStudio_v5/developer/toolchains/gnu_arm/12.2.rel1_2023.7/bin/../lib/gcc/arm-none-eabi/12.2.1/../../../../arm-none-eabi/lib/thumb/v8-m.main+fp/hard/libc_nano.a(libc_a-memcpy-stub.o)
                              ./simplicity_sdk_2024.6.2/platform/service/memory_manager/src/sl_memory_manager.o (memcpy)
/home/developer/SimplicityStudio_v5/developer/toolchains/gnu_arm/12.2.rel1_2023.7/bin/../lib/gcc/arm-none-eabi/12.2.1/../../../../arm-none-eabi/lib/thumb/v8-m.main+fp/hard/libc_nano.a(libc_a-malloc.o)
                              ./simplicity_sdk_2024.6.2/util/third_party/freertos/kernel/portable/MemMang/heap_3.o (malloc)
/home/developer/SimplicityStudio_v5/developer/toolchains/gnu_arm/12.2.rel1_2023.7/bin/../lib/gcc/arm-none-eabi/12.2.1/../../../../arm-none-eabi/lib/thumb/v8-m.main+fp/hard/libc_nano.a(libc_a-findfp.o)
                              /home/developer/SimplicityStudio_v5/developer/toolchains/gnu_arm/12.2.rel1_2023.7/bin/../lib/gcc/arm-none-eabi/12.2.1/../../../../arm-none-eabi/lib/thumb/v8-m.main+fp/hard/libc_nano.a(libc_a-exit.o) (__stdio_exit_handler)
/home/developer/SimplicityStudio_v5/developer/toolchains/gnu_arm/12.2.rel1_2023.7/bin/../lib/gcc/arm-none-eabi/12.2.1/../../../../arm-none-eabi/lib/thumb/v8-m.main+fp/hard/libc_nano.a(libc_a-stdio.o)
                              /home/developer/SimplicityStudio_v5/developer/toolchains/gnu_arm/12.2.rel1_2023.7/bin/../lib/gcc/arm-none-eabi/12.2.1/../../../../arm-none-eabi/lib/thumb/v8-m.main+fp/hard/libc_nano.a(libc_a-findfp.o) (__sread)
/home/developer/SimplicityStudio_v5/developer/toolchains/gnu_arm/12.2.rel1_2023.7/bin/../lib/gcc/arm-none-eabi/12.2.1/../../../../arm-none-eabi/lib/thumb/v8-m.main+fp/hard/libc_nano.a(libc_a-writer.o)
                              /home/developer/SimplicityStudio_v5/developer/toolchains/gnu_arm/12.2.rel1_2023.7/bin/../lib/gcc/arm-none-eabi/12.2.1/../../../../arm-none-eabi/lib/thumb/v8-m.main+fp/hard/libc_nano.a(libc_a-stdio.o) (_write_r)
/home/developer/SimplicityStudio_v5/developer/toolchains/gnu_arm/12.2.rel1_2023.7/bin/../lib/gcc/arm-none-eabi/12.2.1/../../../../arm-none-eabi/lib/thumb/v8-m.main+fp/hard/libc_nano.a(libc_a-fwalk.o)
                              /home/developer/SimplicityStudio_v5/developer/toolchains/gnu_arm/12.2.rel1_2023.7/bin/../lib/gcc/arm-none-eabi/12.2.1/../../../../arm-none-eabi/lib/thumb/v8-m.main+fp/hard/libc_nano.a(libc_a-findfp.o) (_fwalk_sglue)
/home/developer/SimplicityStudio_v5/developer/toolchains/gnu_arm/12.2.rel1_2023.7/bin/../lib/gcc/arm-none-eabi/12.2.1/../../../../arm-none-eabi/lib/thumb/v8-m.main+fp/hard/libc_nano.a(libc_a-memset.o)
[...]
Memory Configuration

Name             Origin             Length             Attributes
FLASH            0x0000000008000000 0x000000000017e000 xr
RAM              0x0000000020000000 0x0000000000040000 xrw
*default*        0x0000000000000000 0xffffffffffffffff

Linker script and memory map

LOAD /home/developer/SimplicityStudio_v5/developer/toolchains/gnu_arm/12.2.rel1_2023.7/bin/../lib/gcc/arm-none-eabi/12.2.1/thumb/v8-m.main+fp/hard/crti.o
LOAD /home/developer/SimplicityStudio_v5/developer/toolchains/gnu_arm/12.2.rel1_2023.7/bin/../lib/gcc/arm-none-eabi/12.2.1/thumb/v8-m.main+fp/hard/crtbegin.o
LOAD /home/developer/SimplicityStudio_v5/developer/toolchains/gnu_arm/12.2.rel1_2023.7/bin/../lib/gcc/arm-none-eabi/12.2.1/../../../../arm-none-eabi/lib/thumb/v8-m.main+fp/hard/crt0.o
START GROUP
LOAD ./app.o
LOAD ./blink.o
LOAD ./main.o
LOAD ./autogen/sl_board_default_init.o
LOAD ./autogen/sl_event_handler.o
LOAD ./autogen/sl_simple_led_instances.o
LOAD ./simplicity_sdk_2024.6.2/hardware/board/src/sl_board_control_gpio.o
LOAD ./simplicity_sdk_2024.6.2/hardware/board/src/sl_board_init.o
LOAD ./simplicity_sdk_2024.6.2/hardware/driver/mx25_flash_shutdown/src/sl_mx25_flash_shutdown_usart/sl_mx25_flash_shutdown.o
LOAD ./simplicity_sdk_2024.6.2/platform/CMSIS/RTOS2/Source/os_systick.o
LOAD ./simplicity_sdk_2024.6.2/platform/Device/SiliconLabs/EFR32MG24/Source/startup_efr32mg24.o
LOAD ./simplicity_sdk_2024.6.2/platform/Device/SiliconLabs/EFR32MG24/Source/system_efr32mg24.o
LOAD ./simplicity_sdk_2024.6.2/platform/common/src/sl_assert.o
LOAD ./simplicity_sdk_2024.6.2/platform/common/src/sl_core_cortexm.o
LOAD ./simplicity_sdk_2024.6.2/platform/common/src/sl_syscalls.o
LOAD ./simplicity_sdk_2024.6.2/platform/driver/leddrv/src/sl_led.o
LOAD ./simplicity_sdk_2024.6.2/platform/driver/leddrv/src/sl_simple_led.o
LOAD ./simplicity_sdk_2024.6.2/platform/emlib/src/em_burtc.o
LOAD ./simplicity_sdk_2024.6.2/platform/emlib/src/em_cmu.o
LOAD ./simplicity_sdk_2024.6.2/platform/emlib/src/em_core.o
LOAD ./simplicity_sdk_2024.6.2/platform/emlib/src/em_emu.o
LOAD ./simplicity_sdk_2024.6.2/platform/emlib/src/em_gpio.o
LOAD ./simplicity_sdk_2024.6.2/platform/emlib/src/em_msc.o
LOAD ./simplicity_sdk_2024.6.2/platform/emlib/src/em_prs.o
LOAD ./simplicity_sdk_2024.6.2/platform/emlib/src/em_system.o
LOAD ./simplicity_sdk_2024.6.2/platform/emlib/src/em_timer.o
LOAD ./simplicity_sdk_2024.6.2/platform/emlib/src/em_usart.o
LOAD ./simplicity_sdk_2024.6.2/platform/peripheral/src/sl_hal_sysrtc.o
LOAD ./simplicity_sdk_2024.6.2/platform/service/clock_manager/src/sl_clock_manager.o
LOAD ./simplicity_sdk_2024.6.2/platform/service/clock_manager/src/sl_clock_manager_hal_s2.o
LOAD ./simplicity_sdk_2024.6.2/platform/service/clock_manager/src/sl_clock_manager_init.o
LOAD ./simplicity_sdk_2024.6.2/platform/service/clock_manager/src/sl_clock_manager_init_hal_s2.o
LOAD ./simplicity_sdk_2024.6.2/platform/service/device_init/src/sl_device_init_dcdc_s2.o
LOAD ./simplicity_sdk_2024.6.2/platform/service/device_init/src/sl_device_init_emu_s2.o
LOAD ./simplicity_sdk_2024.6.2/platform/service/device_manager/clocks/sl_device_clock_efr32xg24.o
LOAD ./simplicity_sdk_2024.6.2/platform/service/device_manager/devices/sl_device_peripheral_hal_efr32xg24.o
LOAD ./simplicity_sdk_2024.6.2/platform/service/device_manager/src/sl_device_clock.o
LOAD ./simplicity_sdk_2024.6.2/platform/service/device_manager/src/sl_device_peripheral.o
LOAD ./simplicity_sdk_2024.6.2/platform/service/interrupt_manager/src/sl_interrupt_manager_cortexm.o
LOAD ./simplicity_sdk_2024.6.2/platform/service/memory_manager/src/sl_memory_manager.o
LOAD ./simplicity_sdk_2024.6.2/platform/service/memory_manager/src/sl_memory_manager_dynamic_reservation.o
LOAD ./simplicity_sdk_2024.6.2/platform/service/memory_manager/src/sl_memory_manager_pool.o
LOAD ./simplicity_sdk_2024.6.2/platform/service/memory_manager/src/sl_memory_manager_region.o
LOAD ./simplicity_sdk_2024.6.2/platform/service/memory_manager/src/sl_memory_manager_retarget.o
LOAD ./simplicity_sdk_2024.6.2/platform/service/memory_manager/src/sli_memory_manager_common.o
LOAD ./simplicity_sdk_2024.6.2/platform/service/sleeptimer/src/sl_sleeptimer.o
LOAD ./simplicity_sdk_2024.6.2/platform/service/sleeptimer/src/sl_sleeptimer_hal_burtc.o
LOAD ./simplicity_sdk_2024.6.2/platform/service/sleeptimer/src/sl_sleeptimer_hal_sysrtc.o
LOAD ./simplicity_sdk_2024.6.2/platform/service/sleeptimer/src/sl_sleeptimer_hal_timer.o
LOAD ./simplicity_sdk_2024.6.2/platform/service/system/src/sl_system_init.o
LOAD ./simplicity_sdk_2024.6.2/platform/service/system/src/sl_system_kernel.o
LOAD ./simplicity_sdk_2024.6.2/platform/service/udelay/src/sl_udelay.o
LOAD ./simplicity_sdk_2024.6.2/platform/service/udelay/src/sl_udelay_armv6m_gcc.o
LOAD ./simplicity_sdk_2024.6.2/util/third_party/freertos/cmsis/Source/cmsis_os2.o
LOAD ./simplicity_sdk_2024.6.2/util/third_party/freertos/kernel/croutine.o
LOAD ./simplicity_sdk_2024.6.2/util/third_party/freertos/kernel/event_groups.o
LOAD ./simplicity_sdk_2024.6.2/util/third_party/freertos/kernel/list.o
LOAD ./simplicity_sdk_2024.6.2/util/third_party/freertos/kernel/queue.o
LOAD ./simplicity_sdk_2024.6.2/util/third_party/freertos/kernel/stream_buffer.o
LOAD ./simplicity_sdk_2024.6.2/util/third_party/freertos/kernel/tasks.o
LOAD ./simplicity_sdk_2024.6.2/util/third_party/freertos/kernel/timers.o
LOAD ./simplicity_sdk_2024.6.2/util/third_party/freertos/kernel/portable/GCC/ARM_CM33_NTZ/non_secure/port.o
LOAD ./simplicity_sdk_2024.6.2/util/third_party/freertos/kernel/portable/GCC/ARM_CM33_NTZ/non_secure/portasm.o
LOAD ./simplicity_sdk_2024.6.2/util/third_party/freertos/kernel/portable/MemMang/heap_3.o
LOAD /home/developer/SimplicityStudio_v5/developer/toolchains/gnu_arm/12.2.rel1_2023.7/bin/../lib/gcc/arm-none-eabi/12.2.1/thumb/v8-m.main+fp/hard/libgcc.a
LOAD /home/developer/SimplicityStudio_v5/developer/toolchains/gnu_arm/12.2.rel1_2023.7/bin/../lib/gcc/arm-none-eabi/12.2.1/../../../../arm-none-eabi/lib/thumb/v8-m.main+fp/hard/libc_nano.a
LOAD /home/developer/SimplicityStudio_v5/developer/toolchains/gnu_arm/12.2.rel1_2023.7/bin/../lib/gcc/arm-none-eabi/12.2.1/../../../../arm-none-eabi/lib/thumb/v8-m.main+fp/hard/libm.a
LOAD /home/developer/SimplicityStudio_v5/developer/toolchains/gnu_arm/12.2.rel1_2023.7/bin/../lib/gcc/arm-none-eabi/12.2.1/../../../../arm-none-eabi/lib/thumb/v8-m.main+fp/hard/libnosys.a
END GROUP
START GROUP
LOAD /home/developer/SimplicityStudio_v5/developer/toolchains/gnu_arm/12.2.rel1_2023.7/bin/../lib/gcc/arm-none-eabi/12.2.1/thumb/v8-m.main+fp/hard/libgcc.a
LOAD /home/developer/SimplicityStudio_v5/developer/toolchains/gnu_arm/12.2.rel1_2023.7/bin/../lib/gcc/arm-none-eabi/12.2.1/../../../../arm-none-eabi/lib/thumb/v8-m.main+fp/hard/libc_nano.a
LOAD /home/developer/SimplicityStudio_v5/developer/toolchains/gnu_arm/12.2.rel1_2023.7/bin/../lib/gcc/arm-none-eabi/12.2.1/../../../../arm-none-eabi/lib/thumb/v8-m.main+fp/hard/libnosys.a
END GROUP
START GROUP
LOAD /home/developer/SimplicityStudio_v5/developer/toolchains/gnu_arm/12.2.rel1_2023.7/bin/../lib/gcc/arm-none-eabi/12.2.1/thumb/v8-m.main+fp/hard/libgcc.a
LOAD /home/developer/SimplicityStudio_v5/developer/toolchains/gnu_arm/12.2.rel1_2023.7/bin/../lib/gcc/arm-none-eabi/12.2.1/../../../../arm-none-eabi/lib/thumb/v8-m.main+fp/hard/libg_nano.a
LOAD /home/developer/SimplicityStudio_v5/developer/toolchains/gnu_arm/12.2.rel1_2023.7/bin/../lib/gcc/arm-none-eabi/12.2.1/../../../../arm-none-eabi/lib/thumb/v8-m.main+fp/hard/libc_nano.a
END GROUP
START GROUP
LOAD /home/developer/SimplicityStudio_v5/developer/toolchains/gnu_arm/12.2.rel1_2023.7/bin/../lib/gcc/arm-none-eabi/12.2.1/thumb/v8-m.main+fp/hard/libgcc.a
LOAD /home/developer/SimplicityStudio_v5/developer/toolchains/gnu_arm/12.2.rel1_2023.7/bin/../lib/gcc/arm-none-eabi/12.2.1/../../../../arm-none-eabi/lib/thumb/v8-m.main+fp/hard/libc_nano.a
END GROUP
LOAD /home/developer/SimplicityStudio_v5/developer/toolchains/gnu_arm/12.2.rel1_2023.7/bin/../lib/gcc/arm-none-eabi/12.2.1/thumb/v8-m.main+fp/hard/crtend.o
LOAD /home/developer/SimplicityStudio_v5/developer/toolchains/gnu_arm/12.2.rel1_2023.7/bin/../lib/gcc/arm-none-eabi/12.2.1/thumb/v8-m.main+fp/hard/crtn.o

.vectors        0x0000000008000000      0x170
                0x0000000008000000                linker_vectors_begin = .
 *(.vectors)
 .vectors       0x0000000008000000      0x170 ./simplicity_sdk_2024.6.2/platform/Device/SiliconLabs/EFR32MG24/Source/startup_efr32mg24.o
                0x0000000008000000                __Vectors
                0x0000000008000170                linker_vectors_end = .
                0x0000000008000170                __Vectors_End = .
                0x0000000008000170                __Vectors_Size = (__Vectors_End - __Vectors)
                0x0000000008000170                __lma_ramfuncs_start__ = .

.stack          0x0000000020000000     0x1000
                0x0000000020000000                . = ALIGN (0x8)
                0x0000000020000000                __StackLimit = .
 *(.stack*)
 .stack         0x0000000020000000     0x1000 ./simplicity_sdk_2024.6.2/platform/service/memory_manager/src/sl_memory_manager_region.o
                0x0000000020001000                . = ALIGN (0x4)
                0x0000000020001000                __StackTop = .
                0x0000000020001000                PROVIDE (__stack = __StackTop)

.noinit
 *(.noinit*)

.bss            0x0000000020001000     0x1688
                0x0000000020001000                . = ALIGN (0x4)
                0x0000000020001000                __bss_start__ = .
 *(SORT_BY_ALIGNMENT(.bss*))
 .bss.object.0  0x0000000020001000       0x18 /home/developer/SimplicityStudio_v5/developer/toolchains/gnu_arm/12.2.rel1_2023.7/bin/../lib/gcc/arm-none-eabi/12.2.1/thumb/v8-m.main+fp/hard/crtbegin.o
 .bss.xTaskBuffer_b.0
                0x0000000020001018       0x58 ./blink.o
 .bss.xStack_b.1
                0x0000000020001070      0x280 ./blink.o
 .bss.xTaskBuffer_g.2
                0x00000000200012f0       0x58 ./blink.o
 .bss.xStack_g.3
                0x0000000020001348      0x280 ./blink.o
 .bss.xTaskBuffer_r.4
                0x00000000200015c8       0x58 ./blink.o
 .bss.xStack_r.5
                0x0000000020001620      0x280 ./blink.o
 .bss.task_args_b
                0x00000000200018a0       0x1c ./blink.o
 .bss.task_args_g
                0x00000000200018bc       0x1c ./blink.o
 .bss.task_args_r
                0x00000000200018d8       0x1c ./blink.o
 .bss.heap_high_watermark
                0x00000000200018f4        0x4 ./simplicity_sdk_2024.6.2/platform/service/memory_manager/src/sl_memory_manager.o
 .bss.heap_size
                0x00000000200018f8        0x4 ./simplicity_sdk_2024.6.2/platform/service/memory_manager/src/sl_memory_manager.o
 .bss.sli_free_blocks_number
                0x00000000200018fc        0x4 ./simplicity_sdk_2024.6.2/platform/service/memory_manager/src/sli_memory_manager_common.o
                0x00000000200018fc                sli_free_blocks_number
 .bss.sli_free_st_list_head
                0x0000000020001900        0x4 ./simplicity_sdk_2024.6.2/platform/service/memory_manager/src/sli_memory_manager_common.o
                0x0000000020001900                sli_free_st_list_head
 .bss.sli_free_lt_list_head
                0x0000000020001904        0x4 ./simplicity_sdk_2024.6.2/platform/service/memory_manager/src/sli_memory_manager_common.o
                0x0000000020001904                sli_free_lt_list_head
 .bss.max_millisecond_conversion
                0x0000000020001908        0x4 ./simplicity_sdk_2024.6.2/platform/service/sleeptimer/src/sl_sleeptimer.o
 .bss.last_delta_update_count
                0x000000002000190c        0x4 ./simplicity_sdk_2024.6.2/platform/service/sleeptimer/src/sl_sleeptimer.o
 .bss.timer_head
                0x0000000020001910        0x4 ./simplicity_sdk_2024.6.2/platform/service/sleeptimer/src/sl_sleeptimer.o
 .bss.timer_frequency
                0x0000000020001914        0x4 ./simplicity_sdk_2024.6.2/platform/service/sleeptimer/src/sl_sleeptimer.o
 .bss.Timer_Stack.0
                0x0000000020001918      0x280 ./simplicity_sdk_2024.6.2/util/third_party/freertos/cmsis/Source/cmsis_os2.o
 .bss.Timer_TCB.1
                0x0000000020001b98       0x58 ./simplicity_sdk_2024.6.2/util/third_party/freertos/cmsis/Source/cmsis_os2.o
 .bss.Idle_Stack.2
                0x0000000020001bf0      0x280 ./simplicity_sdk_2024.6.2/util/third_party/freertos/cmsis/Source/cmsis_os2.o
 .bss.Idle_TCB.3
                0x0000000020001e70       0x58 ./simplicity_sdk_2024.6.2/util/third_party/freertos/cmsis/Source/cmsis_os2.o
 .bss.KernelState
                0x0000000020001ec8        0x4 ./simplicity_sdk_2024.6.2/util/third_party/freertos/cmsis/Source/cmsis_os2.o
 .bss.xQueueRegistry
                0x0000000020001ecc       0x50 ./simplicity_sdk_2024.6.2/util/third_party/freertos/kernel/queue.o
                0x0000000020001ecc                xQueueRegistry
 .bss.uxSchedulerSuspended
                0x0000000020001f1c        0x4 ./simplicity_sdk_2024.6.2/util/third_party/freertos/kernel/tasks.o
 .bss.xNextTaskUnblockTime
                0x0000000020001f20        0x4 ./simplicity_sdk_2024.6.2/util/third_party/freertos/kernel/tasks.o
 .bss.uxTaskNumber
                0x0000000020001f24        0x4 ./simplicity_sdk_2024.6.2/util/third_party/freertos/kernel/tasks.o
 .bss.xNumOfOverflows
                0x0000000020001f28        0x4 ./simplicity_sdk_2024.6.2/util/third_party/freertos/kernel/tasks.o
 .bss.xYieldPending
                0x0000000020001f2c        0x4 ./simplicity_sdk_2024.6.2/util/third_party/freertos/kernel/tasks.o
 .bss.xPendedTicks
                0x0000000020001f30        0x4 ./simplicity_sdk_2024.6.2/util/third_party/freertos/kernel/tasks.o
 .bss.xSchedulerRunning
                0x0000000020001f34        0x4 ./simplicity_sdk_2024.6.2/util/third_party/freertos/kernel/tasks.o
 .bss.uxTopReadyPriority
                0x0000000020001f38        0x4 ./simplicity_sdk_2024.6.2/util/third_party/freertos/kernel/tasks.o
 .bss.xTickCount
                0x0000000020001f3c        0x4 ./simplicity_sdk_2024.6.2/util/third_party/freertos/kernel/tasks.o
 .bss.uxCurrentNumberOfTasks
                0x0000000020001f40        0x4 ./simplicity_sdk_2024.6.2/util/third_party/freertos/kernel/tasks.o
 .bss.xSuspendedTaskList
                0x0000000020001f44       0x14 ./simplicity_sdk_2024.6.2/util/third_party/freertos/kernel/tasks.o
 .bss.uxDeletedTasksWaitingCleanUp
                0x0000000020001f58        0x4 ./simplicity_sdk_2024.6.2/util/third_party/freertos/kernel/tasks.o
 .bss.xTasksWaitingTermination
                0x0000000020001f5c       0x14 ./simplicity_sdk_2024.6.2/util/third_party/freertos/kernel/tasks.o
 .bss.xPendingReadyList
                0x0000000020001f70       0x14 ./simplicity_sdk_2024.6.2/util/third_party/freertos/kernel/tasks.o
 .bss.pxOverflowDelayedTaskList
                0x0000000020001f84        0x4 ./simplicity_sdk_2024.6.2/util/third_party/freertos/kernel/tasks.o
 .bss.pxDelayedTaskList
                0x0000000020001f88        0x4 ./simplicity_sdk_2024.6.2/util/third_party/freertos/kernel/tasks.o
 .bss.xDelayedTaskList2
                0x0000000020001f8c       0x14 ./simplicity_sdk_2024.6.2/util/third_party/freertos/kernel/tasks.o
 .bss.xDelayedTaskList1
                0x0000000020001fa0       0x14 ./simplicity_sdk_2024.6.2/util/third_party/freertos/kernel/tasks.o
 .bss.pxReadyTasksLists
                0x0000000020001fb4      0x460 ./simplicity_sdk_2024.6.2/util/third_party/freertos/kernel/tasks.o
 .bss.pxCurrentTCB
                0x0000000020002414        0x4 ./simplicity_sdk_2024.6.2/util/third_party/freertos/kernel/tasks.o
                0x0000000020002414                pxCurrentTCB
 .bss.xStaticTimerQueue.0
                0x0000000020002418       0x50 ./simplicity_sdk_2024.6.2/util/third_party/freertos/kernel/timers.o
 .bss.xLastTime.2
                0x0000000020002468        0x4 ./simplicity_sdk_2024.6.2/util/third_party/freertos/kernel/timers.o
 .bss.xTimerTaskHandle
                0x000000002000246c        0x4 ./simplicity_sdk_2024.6.2/util/third_party/freertos/kernel/timers.o
 .bss.xTimerQueue
                0x0000000020002470        0x4 ./simplicity_sdk_2024.6.2/util/third_party/freertos/kernel/timers.o
 .bss.pxOverflowTimerList
                0x0000000020002474        0x4 ./simplicity_sdk_2024.6.2/util/third_party/freertos/kernel/timers.o
 .bss.pxCurrentTimerList
                0x0000000020002478        0x4 ./simplicity_sdk_2024.6.2/util/third_party/freertos/kernel/timers.o
 .bss.xActiveTimerList2
                0x000000002000247c       0x14 ./simplicity_sdk_2024.6.2/util/third_party/freertos/kernel/timers.o
 .bss.xActiveTimerList1
                0x0000000020002490       0x14 ./simplicity_sdk_2024.6.2/util/third_party/freertos/kernel/timers.o
 .bss.__sf      0x00000000200024a4      0x138 /home/developer/SimplicityStudio_v5/developer/toolchains/gnu_arm/12.2.rel1_2023.7/bin/../lib/gcc/arm-none-eabi/12.2.1/../../../../arm-none-eabi/lib/thumb/v8-m.main+fp/hard/libc_nano.a(libc_a-findfp.o)
                0x00000000200024a4                __sf
 .bss.__stdio_exit_handler
                0x00000000200025dc        0x4 /home/developer/SimplicityStudio_v5/developer/toolchains/gnu_arm/12.2.rel1_2023.7/bin/../lib/gcc/arm-none-eabi/12.2.1/../../../../arm-none-eabi/lib/thumb/v8-m.main+fp/hard/libc_nano.a(libc_a-findfp.o)
                0x00000000200025dc                __stdio_exit_handler
 .bss.overflow_counter
                0x00000000200025e0        0x2 ./simplicity_sdk_2024.6.2/platform/service/sleeptimer/src/sl_sleeptimer.o
 .bss.completed.1
                0x00000000200025e2        0x1 /home/developer/SimplicityStudio_v5/developer/toolchains/gnu_arm/12.2.rel1_2023.7/bin/../lib/gcc/arm-none-eabi/12.2.1/thumb/v8-m.main+fp/hard/crtbegin.o
 .bss.vScaleEM01Config
                0x00000000200025e3        0x1 ./simplicity_sdk_2024.6.2/platform/emlib/src/em_emu.o
 .bss.sleep_on_isr_exit
                0x00000000200025e4        0x1 ./simplicity_sdk_2024.6.2/platform/service/sleeptimer/src/sl_sleeptimer.o
 .bss.next_timer_to_expire_is_power_manager
                0x00000000200025e5        0x1 ./simplicity_sdk_2024.6.2/platform/service/sleeptimer/src/sl_sleeptimer.o
 .bss.is_sleeptimer_initialized
                0x00000000200025e6        0x1 ./simplicity_sdk_2024.6.2/platform/service/sleeptimer/src/sl_sleeptimer.o
 .bss.ucStaticTimerQueueStorage.1
                0x00000000200025e7       0xa0 ./simplicity_sdk_2024.6.2/util/third_party/freertos/kernel/timers.o
 *(COMMON)
                0x0000000020002688                . = ALIGN (0x4)
 *fill*         0x0000000020002687        0x1 
                0x0000000020002688                __bss_end__ = .

text_application_ram
                0x0000000020002688        0x0 load address 0x0000000008000170
                0x0000000020002688                . = ALIGN (0x4)
                0x0000000020002688                __vma_ramfuncs_start__ = .
                0x0000000020002688                __text_application_ram_start__ = .
 *(text_application_ram)
                0x0000000020002688                . = ALIGN (0x4)
                0x0000000020002688                __vma_ramfuncs_end__ = .
                0x0000000020002688                __text_application_ram_end__ = .

.rodata         0x0000000008000170        0x0
                0x0000000008000170                __lma_ramfuncs_end__ = .
                0x0000000008000170                __rodata_start__ = .
                0x0000000008000170                __rodata_end__ = .

.text           0x0000000008000170     0x4e2c
                0x0000000008000170                linker_code_begin = .
 *(SORT_BY_ALIGNMENT(.text*))
 .text          0x0000000008000170        0x8 ./simplicity_sdk_2024.6.2/platform/service/udelay/src/sl_udelay_armv6m_gcc.o
                0x0000000008000170                sli_delay_loop
 *fill*         0x0000000008000178        0x8 
 .text.vRestoreContextOfFirstTask
                0x0000000008000180       0x34 ./simplicity_sdk_2024.6.2/util/third_party/freertos/kernel/portable/GCC/ARM_CM33_NTZ/non_secure/portasm.o
                0x0000000008000180                vRestoreContextOfFirstTask
 *fill*         0x00000000080001b4        0xc 
 .text.vStartFirstTask
                0x00000000080001c0       0x24 ./simplicity_sdk_2024.6.2/util/third_party/freertos/kernel/portable/GCC/ARM_CM33_NTZ/non_secure/portasm.o
                0x00000000080001c0                vStartFirstTask
 *fill*         0x00000000080001e4        0xc 
 .text.PendSV_Handler
                0x00000000080001f0       0x64 ./simplicity_sdk_2024.6.2/util/third_party/freertos/kernel/portable/GCC/ARM_CM33_NTZ/non_secure/portasm.o
                0x00000000080001f0                PendSV_Handler
 *fill*         0x0000000008000254        0xc 
 .text.SVC_Handler
                0x0000000008000260       0x24 ./simplicity_sdk_2024.6.2/util/third_party/freertos/kernel/portable/GCC/ARM_CM33_NTZ/non_secure/portasm.o
                0x0000000008000260                SVC_Handler
 .text.deregister_tm_clones
                0x0000000008000284       0x1c /home/developer/SimplicityStudio_v5/developer/toolchains/gnu_arm/12.2.rel1_2023.7/bin/../lib/gcc/arm-none-eabi/12.2.1/thumb/v8-m.main+fp/hard/crtbegin.o
 .text.register_tm_clones
                0x00000000080002a0       0x28 /home/developer/SimplicityStudio_v5/developer/toolchains/gnu_arm/12.2.rel1_2023.7/bin/../lib/gcc/arm-none-eabi/12.2.1/thumb/v8-m.main+fp/hard/crtbegin.o
 .text.__do_global_dtors_aux
                0x00000000080002c8       0x28 /home/developer/SimplicityStudio_v5/developer/toolchains/gnu_arm/12.2.rel1_2023.7/bin/../lib/gcc/arm-none-eabi/12.2.1/thumb/v8-m.main+fp/hard/crtbegin.o
 .text.frame_dummy
                0x00000000080002f0       0x24 /home/developer/SimplicityStudio_v5/developer/toolchains/gnu_arm/12.2.rel1_2023.7/bin/../lib/gcc/arm-none-eabi/12.2.1/thumb/v8-m.main+fp/hard/crtbegin.o
 .text          0x0000000008000314       0x7c /home/developer/SimplicityStudio_v5/developer/toolchains/gnu_arm/12.2.rel1_2023.7/bin/../lib/gcc/arm-none-eabi/12.2.1/../../../../arm-none-eabi/lib/thumb/v8-m.main+fp/hard/crt0.o
                0x0000000008000314                _stack_init
                0x000000000800031c                _mainCRTStartup
                0x000000000800031c                _start
 .text.blink_init
                0x0000000008000390       0xf8 ./blink.o
                0x0000000008000390                blink_init
 .text.sl_simple_led_init_instances
                0x0000000008000488       0x24 ./autogen/sl_simple_led_instances.o
                0x0000000008000488                sl_simple_led_init_instances
 .text.sl_board_init
                0x00000000080004ac       0x18 ./simplicity_sdk_2024.6.2/hardware/board/src/sl_board_init.o
                0x00000000080004ac                sl_board_init
 .text.sl_board_preinit
                0x00000000080004c4        0xc ./simplicity_sdk_2024.6.2/hardware/board/src/sl_board_init.o
                0x00000000080004c4                sl_board_preinit
 .text.cs_high  0x00000000080004d0       0x10 ./simplicity_sdk_2024.6.2/hardware/driver/mx25_flash_shutdown/src/sl_mx25_flash_shutdown_usart/sl_mx25_flash_shutdown.o
 .text.cs_low   0x00000000080004e0       0x10 ./simplicity_sdk_2024.6.2/hardware/driver/mx25_flash_shutdown/src/sl_mx25_flash_shutdown_usart/sl_mx25_flash_shutdown.o
 .text.sl_mx25_flash_shutdown
                0x00000000080004f0      0x120 ./simplicity_sdk_2024.6.2/hardware/driver/mx25_flash_shutdown/src/sl_mx25_flash_shutdown_usart/sl_mx25_flash_shutdown.o
                0x00000000080004f0                sl_mx25_flash_shutdown
 .text.CopyToRam
                0x0000000008000610       0x1c ./simplicity_sdk_2024.6.2/platform/Device/SiliconLabs/EFR32MG24/Source/startup_efr32mg24.o
                0x0000000008000610                CopyToRam
 .text.Reset_Handler
                0x000000000800062c       0x64 ./simplicity_sdk_2024.6.2/platform/Device/SiliconLabs/EFR32MG24/Source/startup_efr32mg24.o
                0x000000000800062c                Reset_Handler
 .text.SystemInit
                0x0000000008000690       0x64 ./simplicity_sdk_2024.6.2/platform/Device/SiliconLabs/EFR32MG24/Source/system_efr32mg24.o
                0x0000000008000690                SystemInit
 .text.SystemHFRCODPLLClockGet
                0x00000000080006f4        0xc ./simplicity_sdk_2024.6.2/platform/Device/SiliconLabs/EFR32MG24/Source/system_efr32mg24.o
                0x00000000080006f4                SystemHFRCODPLLClockGet
 .text.SystemHFRCODPLLClockSet
                0x0000000008000700        0xc ./simplicity_sdk_2024.6.2/platform/Device/SiliconLabs/EFR32MG24/Source/system_efr32mg24.o
                0x0000000008000700                SystemHFRCODPLLClockSet
 .text.SystemSYSCLKGet
                0x000000000800070c       0x34 ./simplicity_sdk_2024.6.2/platform/Device/SiliconLabs/EFR32MG24/Source/system_efr32mg24.o
                0x000000000800070c                SystemSYSCLKGet
 .text.SystemHCLKGet
                0x0000000008000740       0x24 ./simplicity_sdk_2024.6.2/platform/Device/SiliconLabs/EFR32MG24/Source/system_efr32mg24.o
                0x0000000008000740                SystemHCLKGet
 .text.SystemMaxCoreClockGet
                0x0000000008000764        0x8 ./simplicity_sdk_2024.6.2/platform/Device/SiliconLabs/EFR32MG24/Source/system_efr32mg24.o
                0x0000000008000764                SystemMaxCoreClockGet
 .text.SystemHFXOClockGet
                0x000000000800076c        0xc ./simplicity_sdk_2024.6.2/platform/Device/SiliconLabs/EFR32MG24/Source/system_efr32mg24.o
                0x000000000800076c                SystemHFXOClockGet
 .text.SystemHFXOClockSet
                0x0000000008000778       0x20 ./simplicity_sdk_2024.6.2/platform/Device/SiliconLabs/EFR32MG24/Source/system_efr32mg24.o
                0x0000000008000778                SystemHFXOClockSet
 .text.SystemFSRCOClockGet
                0x0000000008000798        0x8 ./simplicity_sdk_2024.6.2/platform/Device/SiliconLabs/EFR32MG24/Source/system_efr32mg24.o
                0x0000000008000798                SystemFSRCOClockGet
 .text.SystemHFRCOEM23ClockGet
                0x00000000080007a0       0x84 ./simplicity_sdk_2024.6.2/platform/Device/SiliconLabs/EFR32MG24/Source/system_efr32mg24.o
                0x00000000080007a0                SystemHFRCOEM23ClockGet
 .text.SystemLFXOClockGet
                0x0000000008000824        0xc ./simplicity_sdk_2024.6.2/platform/Device/SiliconLabs/EFR32MG24/Source/system_efr32mg24.o
                0x0000000008000824                SystemLFXOClockGet
 .text.GPIO_PinOutClear
                0x0000000008000830       0x3c ./simplicity_sdk_2024.6.2/platform/driver/leddrv/src/sl_simple_led.o
 .text.GPIO_PinOutSet
                0x000000000800086c       0x3c ./simplicity_sdk_2024.6.2/platform/driver/leddrv/src/sl_simple_led.o
 .text.sl_simple_led_init
                0x00000000080008a8       0x24 ./simplicity_sdk_2024.6.2/platform/driver/leddrv/src/sl_simple_led.o
                0x00000000080008a8                sl_simple_led_init
 .text.sl_simple_led_toggle
                0x00000000080008cc       0x3c ./simplicity_sdk_2024.6.2/platform/driver/leddrv/src/sl_simple_led.o
                0x00000000080008cc                sl_simple_led_toggle
 .text.sl_simple_led_get_state
                0x0000000008000908       0x4c ./simplicity_sdk_2024.6.2/platform/driver/leddrv/src/sl_simple_led.o
                0x0000000008000908                sl_simple_led_get_state
 .text.EMU_VScaleGet
                0x0000000008000954       0x18 ./simplicity_sdk_2024.6.2/platform/emlib/src/em_cmu.o
 .text.HFRCODPLLDevinfoGet
                0x000000000800096c      0x108 ./simplicity_sdk_2024.6.2/platform/emlib/src/em_cmu.o
 .text.traceClkGet
                0x0000000008000a74       0x54 ./simplicity_sdk_2024.6.2/platform/emlib/src/em_cmu.o
 .text.em01GrpaClkGet
                0x0000000008000ac8       0x74 ./simplicity_sdk_2024.6.2/platform/emlib/src/em_cmu.o
 .text.em01GrpcClkGet
                0x0000000008000b3c       0x70 ./simplicity_sdk_2024.6.2/platform/emlib/src/em_cmu.o
 .text.iadcClkGet
                0x0000000008000bac       0x60 ./simplicity_sdk_2024.6.2/platform/emlib/src/em_cmu.o
 .text.eusart0ClkGet
                0x0000000008000c0c       0x74 ./simplicity_sdk_2024.6.2/platform/emlib/src/em_cmu.o
 .text.em23GrpaClkGet
                0x0000000008000c80       0x48 ./simplicity_sdk_2024.6.2/platform/emlib/src/em_cmu.o
 .text.vdac0ClkGet
                0x0000000008000cc8       0x70 ./simplicity_sdk_2024.6.2/platform/emlib/src/em_cmu.o
 .text.vdac1ClkGet
                0x0000000008000d38       0x70 ./simplicity_sdk_2024.6.2/platform/emlib/src/em_cmu.o
 .text.pcnt0ClkGet
                0x0000000008000da8       0x4c ./simplicity_sdk_2024.6.2/platform/emlib/src/em_cmu.o
 .text.wdog0ClkGet
                0x0000000008000df4       0x64 ./simplicity_sdk_2024.6.2/platform/emlib/src/em_cmu.o
 .text.wdog1ClkGet
                0x0000000008000e58       0x64 ./simplicity_sdk_2024.6.2/platform/emlib/src/em_cmu.o
 .text.sysrtcClkGet
                0x0000000008000ebc       0x48 ./simplicity_sdk_2024.6.2/platform/emlib/src/em_cmu.o
 .text.em4GrpaClkGet
                0x0000000008000f04       0x48 ./simplicity_sdk_2024.6.2/platform/emlib/src/em_cmu.o
 .text.CMU_ClockDivGet
                0x0000000008000f4c       0x78 ./simplicity_sdk_2024.6.2/platform/emlib/src/em_cmu.o
                0x0000000008000f4c                CMU_ClockDivGet
 .text.flashWaitStateControl
                0x0000000008000fc4       0x58 ./simplicity_sdk_2024.6.2/platform/emlib/src/em_cmu.o
 .text.CMU_ClockEnable
                0x000000000800101c       0x50 ./simplicity_sdk_2024.6.2/platform/emlib/src/em_cmu.o
                0x000000000800101c                CMU_ClockEnable
 .text.CMU_ClockFreqGet
                0x000000000800106c      0x204 ./simplicity_sdk_2024.6.2/platform/emlib/src/em_cmu.o
                0x000000000800106c                CMU_ClockFreqGet
 .text.rhclkPrescOptimize
                0x0000000008001270       0x20 ./simplicity_sdk_2024.6.2/platform/emlib/src/em_cmu.o
 .text.CMU_ClockSelectGet
                0x0000000008001290      0x22c ./simplicity_sdk_2024.6.2/platform/emlib/src/em_cmu.o
                0x0000000008001290                CMU_ClockSelectGet
 .text.sli_em_cmu_SYSTICEXTCLKENClear
                0x00000000080014bc       0x30 ./simplicity_sdk_2024.6.2/platform/emlib/src/em_cmu.o
                0x00000000080014bc                sli_em_cmu_SYSTICEXTCLKENClear
 .text.CMU_HFXOInit
                0x00000000080014ec      0x224 ./simplicity_sdk_2024.6.2/platform/emlib/src/em_cmu.o
                0x00000000080014ec                CMU_HFXOInit
 .text.CMU_HFXOCTuneDeltaGet
                0x0000000008001710        0xc ./simplicity_sdk_2024.6.2/platform/emlib/src/em_cmu.o
                0x0000000008001710                CMU_HFXOCTuneDeltaGet
 .text.CMU_LFXOInit
                0x000000000800171c       0xc4 ./simplicity_sdk_2024.6.2/platform/emlib/src/em_cmu.o
                0x000000000800171c                CMU_LFXOInit
 .text.CMU_LFXOPrecisionSet
                0x00000000080017e0        0xc ./simplicity_sdk_2024.6.2/platform/emlib/src/em_cmu.o
                0x00000000080017e0                CMU_LFXOPrecisionSet
 .text.CMU_HFXOPrecisionSet
                0x00000000080017ec        0xc ./simplicity_sdk_2024.6.2/platform/emlib/src/em_cmu.o
                0x00000000080017ec                CMU_HFXOPrecisionSet
 .text.CMU_LFRCOSetPrecision
                0x00000000080017f8       0x80 ./simplicity_sdk_2024.6.2/platform/emlib/src/em_cmu.o
                0x00000000080017f8                CMU_LFRCOSetPrecision
 .text.CMU_ClockDivSet
                0x0000000008001878      0x12c ./simplicity_sdk_2024.6.2/platform/emlib/src/em_cmu.o
                0x0000000008001878                CMU_ClockDivSet
 .text.sli_em_cmu_SYSCLKInitPreClockSelect
                0x00000000080019a4       0x20 ./simplicity_sdk_2024.6.2/platform/emlib/src/em_cmu.o
                0x00000000080019a4                sli_em_cmu_SYSCLKInitPreClockSelect
 .text.pclkDivOptimize
                0x00000000080019c4       0x24 ./simplicity_sdk_2024.6.2/platform/emlib/src/em_cmu.o
 .text.CMU_HFRCODPLLBandSet
                0x00000000080019e8      0x11c ./simplicity_sdk_2024.6.2/platform/emlib/src/em_cmu.o
                0x00000000080019e8                CMU_HFRCODPLLBandSet
 .text.CMU_HFRCOEM23BandSet
                0x0000000008001b04      0x168 ./simplicity_sdk_2024.6.2/platform/emlib/src/em_cmu.o
                0x0000000008001b04                CMU_HFRCOEM23BandSet
 .text.EMU_DCDCSync
                0x0000000008001c6c       0x10 ./simplicity_sdk_2024.6.2/platform/emlib/src/em_emu.o
 .text.EMU_EM4Init
                0x0000000008001c7c       0x14 ./simplicity_sdk_2024.6.2/platform/emlib/src/em_emu.o
                0x0000000008001c7c                EMU_EM4Init
 .text.EMU_VScaleEM01
                0x0000000008001c90       0xa8 ./simplicity_sdk_2024.6.2/platform/emlib/src/em_emu.o
                0x0000000008001c90                EMU_VScaleEM01
 .text.EMU_VScaleEM01ByClock
                0x0000000008001d38       0x30 ./simplicity_sdk_2024.6.2/platform/emlib/src/em_emu.o
                0x0000000008001d38                EMU_VScaleEM01ByClock
 .text.EMU_DCDCModeSet
                0x0000000008001d68       0xac ./simplicity_sdk_2024.6.2/platform/emlib/src/em_emu.o
                0x0000000008001d68                EMU_DCDCModeSet
 .text.EMU_DCDCInit
                0x0000000008001e14       0x70 ./simplicity_sdk_2024.6.2/platform/emlib/src/em_emu.o
                0x0000000008001e14                EMU_DCDCInit
 .text.EMU_DCDCSetPFMXModePeakCurrent
                0x0000000008001e84       0x6c ./simplicity_sdk_2024.6.2/platform/emlib/src/em_emu.o
                0x0000000008001e84                EMU_DCDCSetPFMXModePeakCurrent
 .text.GPIO_PinOutSet
                0x0000000008001ef0       0x3c ./simplicity_sdk_2024.6.2/platform/emlib/src/em_gpio.o
 .text.GPIO_PinOutClear
                0x0000000008001f2c       0x3c ./simplicity_sdk_2024.6.2/platform/emlib/src/em_gpio.o
 .text.GPIO_PinModeSet
                0x0000000008001f68       0x94 ./simplicity_sdk_2024.6.2/platform/emlib/src/em_gpio.o
                0x0000000008001f68                GPIO_PinModeSet
 .text.USART_BaudrateSyncSet
                0x0000000008001ffc       0x48 ./simplicity_sdk_2024.6.2/platform/emlib/src/em_usart.o
                0x0000000008001ffc                USART_BaudrateSyncSet
 .text.USART_Reset
                0x0000000008002044       0x58 ./simplicity_sdk_2024.6.2/platform/emlib/src/em_usart.o
                0x0000000008002044                USART_Reset
 .text.USART_InitSync
                0x000000000800209c       0xb0 ./simplicity_sdk_2024.6.2/platform/emlib/src/em_usart.o
                0x000000000800209c                USART_InitSync
 .text.sl_hal_sysrtc_wait_sync
                0x000000000800214c       0x14 ./simplicity_sdk_2024.6.2/platform/peripheral/src/sl_hal_sysrtc.o
                0x000000000800214c                sl_hal_sysrtc_wait_sync
 .text.sl_hal_sysrtc_wait_ready
                0x0000000008002160       0x1c ./simplicity_sdk_2024.6.2/platform/peripheral/src/sl_hal_sysrtc.o
                0x0000000008002160                sl_hal_sysrtc_wait_ready
 .text.sl_hal_sysrtc_stop
                0x000000000800217c       0x14 ./simplicity_sdk_2024.6.2/platform/peripheral/src/sl_hal_sysrtc.o
                0x000000000800217c                sl_hal_sysrtc_stop
 .text.sl_hal_sysrtc_enable
                0x0000000008002190       0x18 ./simplicity_sdk_2024.6.2/platform/peripheral/src/sl_hal_sysrtc.o
                0x0000000008002190                sl_hal_sysrtc_enable
 .text.sl_hal_sysrtc_disable
                0x00000000080021a8       0x1c ./simplicity_sdk_2024.6.2/platform/peripheral/src/sl_hal_sysrtc.o
                0x00000000080021a8                sl_hal_sysrtc_disable
 .text.sl_hal_sysrtc_init
                0x00000000080021c4       0x20 ./simplicity_sdk_2024.6.2/platform/peripheral/src/sl_hal_sysrtc.o
                0x00000000080021c4                sl_hal_sysrtc_init
 .text.sl_hal_sysrtc_init_group
                0x00000000080021e4       0x48 ./simplicity_sdk_2024.6.2/platform/peripheral/src/sl_hal_sysrtc.o
                0x00000000080021e4                sl_hal_sysrtc_init_group
 .text.sl_hal_sysrtc_enable_group_interrupts
                0x000000000800222c       0x1c ./simplicity_sdk_2024.6.2/platform/peripheral/src/sl_hal_sysrtc.o
                0x000000000800222c                sl_hal_sysrtc_enable_group_interrupts
 .text.sl_hal_sysrtc_disable_group_interrupts
                0x0000000008002248       0x1c ./simplicity_sdk_2024.6.2/platform/peripheral/src/sl_hal_sysrtc.o
                0x0000000008002248                sl_hal_sysrtc_disable_group_interrupts
 .text.sl_hal_sysrtc_clear_group_interrupts
                0x0000000008002264       0x1c ./simplicity_sdk_2024.6.2/platform/peripheral/src/sl_hal_sysrtc.o
                0x0000000008002264                sl_hal_sysrtc_clear_group_interrupts
 .text.sl_hal_sysrtc_get_group_interrupts
                0x0000000008002280       0x20 ./simplicity_sdk_2024.6.2/platform/peripheral/src/sl_hal_sysrtc.o
                0x0000000008002280                sl_hal_sysrtc_get_group_interrupts
 .text.sl_hal_sysrtc_get_group_compare_channel_value
                0x00000000080022a0       0x30 ./simplicity_sdk_2024.6.2/platform/peripheral/src/sl_hal_sysrtc.o
                0x00000000080022a0                sl_hal_sysrtc_get_group_compare_channel_value
 .text.sl_hal_sysrtc_set_group_compare_channel_value
                0x00000000080022d0       0x28 ./simplicity_sdk_2024.6.2/platform/peripheral/src/sl_hal_sysrtc.o
                0x00000000080022d0                sl_hal_sysrtc_set_group_compare_channel_value
 .text.sli_clock_manager_hal_enable_bus_clock
                0x00000000080022f8       0x54 ./simplicity_sdk_2024.6.2/platform/service/clock_manager/src/sl_clock_manager_hal_s2.o
                0x00000000080022f8                sli_clock_manager_hal_enable_bus_clock
 .text.sli_clock_manager_hal_init
                0x000000000800234c      0x200 ./simplicity_sdk_2024.6.2/platform/service/clock_manager/src/sl_clock_manager_init_hal_s2.o
                0x000000000800234c                sli_clock_manager_hal_init
 .text.sl_device_init_dcdc
                0x000000000800254c       0x2c ./simplicity_sdk_2024.6.2/platform/service/device_init/src/sl_device_init_dcdc_s2.o
                0x000000000800254c                sl_device_init_dcdc
 .text.sl_device_init_emu
                0x0000000008002578       0x24 ./simplicity_sdk_2024.6.2/platform/service/device_init/src/sl_device_init_emu_s2.o
                0x0000000008002578                sl_device_init_emu
 .text.sl_interrupt_manager_enable_irq
                0x000000000800259c       0x34 ./simplicity_sdk_2024.6.2/platform/service/interrupt_manager/src/sl_interrupt_manager_cortexm.o
                0x000000000800259c                sl_interrupt_manager_enable_irq
 .text.sl_interrupt_manager_clear_irq_pending
                0x00000000080025d0       0x1c ./simplicity_sdk_2024.6.2/platform/service/interrupt_manager/src/sl_interrupt_manager_cortexm.o
                0x00000000080025d0                sl_interrupt_manager_clear_irq_pending
 .text.sl_interrupt_manager_set_irq_priority
                0x00000000080025ec       0x50 ./simplicity_sdk_2024.6.2/platform/service/interrupt_manager/src/sl_interrupt_manager_cortexm.o
                0x00000000080025ec                sl_interrupt_manager_set_irq_priority
 .text.sl_memory_init
                0x000000000800263c       0x50 ./simplicity_sdk_2024.6.2/platform/service/memory_manager/src/sl_memory_manager.o
                0x000000000800263c                sl_memory_init
 .text.sl_memory_free
                0x000000000800268c      0x1ac ./simplicity_sdk_2024.6.2/platform/service/memory_manager/src/sl_memory_manager.o
                0x000000000800268c                sl_memory_free
 .text.sl_memory_get_heap_region
                0x0000000008002838       0x14 ./simplicity_sdk_2024.6.2/platform/service/memory_manager/src/sl_memory_manager_region.o
                0x0000000008002838                sl_memory_get_heap_region
 .text.delta_list_insert_timer
                0x000000000800284c       0x40 ./simplicity_sdk_2024.6.2/platform/service/sleeptimer/src/sl_sleeptimer.o
 .text.update_delta_list
                0x000000000800288c       0x34 ./simplicity_sdk_2024.6.2/platform/service/sleeptimer/src/sl_sleeptimer.o
 .text.set_comparator_for_next_timer
                0x00000000080028c0       0x5c ./simplicity_sdk_2024.6.2/platform/service/sleeptimer/src/sl_sleeptimer.o
 .text.delta_list_remove_timer
                0x000000000800291c       0x38 ./simplicity_sdk_2024.6.2/platform/service/sleeptimer/src/sl_sleeptimer.o
 .text.sl_sleeptimer_init
                0x0000000008002954       0x74 ./simplicity_sdk_2024.6.2/platform/service/sleeptimer/src/sl_sleeptimer.o
                0x0000000008002954                sl_sleeptimer_init
 .text.process_timer_irq
                0x00000000080029c8      0x150 ./simplicity_sdk_2024.6.2/platform/service/sleeptimer/src/sl_sleeptimer.o
                0x00000000080029c8                process_timer_irq
 .text.sleeptimer_hal_init_timer
                0x0000000008002b18       0x68 ./simplicity_sdk_2024.6.2/platform/service/sleeptimer/src/sl_sleeptimer_hal_sysrtc.o
                0x0000000008002b18                sleeptimer_hal_init_timer
 .text.sleeptimer_hal_get_counter
                0x0000000008002b80       0x10 ./simplicity_sdk_2024.6.2/platform/service/sleeptimer/src/sl_sleeptimer_hal_sysrtc.o
                0x0000000008002b80                sleeptimer_hal_get_counter
 .text.sleeptimer_hal_set_compare
                0x0000000008002b90       0x70 ./simplicity_sdk_2024.6.2/platform/service/sleeptimer/src/sl_sleeptimer_hal_sysrtc.o
                0x0000000008002b90                sleeptimer_hal_set_compare
 .text.sleeptimer_hal_disable_int
                0x0000000008002c00       0x2c ./simplicity_sdk_2024.6.2/platform/service/sleeptimer/src/sl_sleeptimer_hal_sysrtc.o
                0x0000000008002c00                sleeptimer_hal_disable_int
 .text.sleeptimer_hal_set_int
                0x0000000008002c2c       0x10 ./simplicity_sdk_2024.6.2/platform/service/sleeptimer/src/sl_sleeptimer_hal_sysrtc.o
                0x0000000008002c2c                sleeptimer_hal_set_int
 .text.sleeptimer_hal_get_timer_frequency
                0x0000000008002c3c       0x18 ./simplicity_sdk_2024.6.2/platform/service/sleeptimer/src/sl_sleeptimer_hal_sysrtc.o
                0x0000000008002c3c                sleeptimer_hal_get_timer_frequency
 .text.sl_udelay_wait
                0x0000000008002c54       0x58 ./simplicity_sdk_2024.6.2/platform/service/udelay/src/sl_udelay.o
                0x0000000008002c54                sl_udelay_wait
 .text.osKernelInitialize
                0x0000000008002cac       0x34 ./simplicity_sdk_2024.6.2/util/third_party/freertos/cmsis/Source/cmsis_os2.o
                0x0000000008002cac                osKernelInitialize
 .text.osKernelStart
                0x0000000008002ce0       0x48 ./simplicity_sdk_2024.6.2/util/third_party/freertos/cmsis/Source/cmsis_os2.o
                0x0000000008002ce0                osKernelStart
 .text.vApplicationStackOverflowHook
                0x0000000008002d28       0x10 ./simplicity_sdk_2024.6.2/util/third_party/freertos/cmsis/Source/cmsis_os2.o
                0x0000000008002d28                vApplicationStackOverflowHook
 .text.vApplicationGetIdleTaskMemory
                0x0000000008002d38       0x18 ./simplicity_sdk_2024.6.2/util/third_party/freertos/cmsis/Source/cmsis_os2.o
                0x0000000008002d38                vApplicationGetIdleTaskMemory
 .text.vApplicationGetTimerTaskMemory
                0x0000000008002d50       0x18 ./simplicity_sdk_2024.6.2/util/third_party/freertos/cmsis/Source/cmsis_os2.o
                0x0000000008002d50                vApplicationGetTimerTaskMemory
 .text.xQueueGenericReset
                0x0000000008002d68       0x6c ./simplicity_sdk_2024.6.2/util/third_party/freertos/kernel/queue.o
                0x0000000008002d68                xQueueGenericReset
 .text.xQueueGenericCreateStatic
                0x0000000008002dd4       0x7c ./simplicity_sdk_2024.6.2/util/third_party/freertos/kernel/queue.o
                0x0000000008002dd4                xQueueGenericCreateStatic
 .text.xQueueGenericSend
                0x0000000008002e50      0x13c ./simplicity_sdk_2024.6.2/util/third_party/freertos/kernel/queue.o
                0x0000000008002e50                xQueueGenericSend
 .text.xQueueGenericSendFromISR
                0x0000000008002f8c       0xb0 ./simplicity_sdk_2024.6.2/util/third_party/freertos/kernel/queue.o
                0x0000000008002f8c                xQueueGenericSendFromISR
 .text.xQueueReceive
                0x000000000800303c      0x108 ./simplicity_sdk_2024.6.2/util/third_party/freertos/kernel/queue.o
                0x000000000800303c                xQueueReceive
 .text.vQueueAddToRegistry
                0x0000000008003144       0x24 ./simplicity_sdk_2024.6.2/util/third_party/freertos/kernel/queue.o
                0x0000000008003144                vQueueAddToRegistry
 .text.prvAddNewTaskToReadyList
                0x0000000008003168       0xf4 ./simplicity_sdk_2024.6.2/util/third_party/freertos/kernel/tasks.o
 .text.prvAddCurrentTaskToDelayedList
                0x000000000800325c       0x70 ./simplicity_sdk_2024.6.2/util/third_party/freertos/kernel/tasks.o
 .text.prvResetNextTaskUnblockTime
                0x00000000080032cc       0x24 ./simplicity_sdk_2024.6.2/util/third_party/freertos/kernel/tasks.o
 .text.prvDeleteTCB
                0x00000000080032f0       0x38 ./simplicity_sdk_2024.6.2/util/third_party/freertos/kernel/tasks.o
 .text.prvIdleTask
                0x0000000008003328       0x50 ./simplicity_sdk_2024.6.2/util/third_party/freertos/kernel/tasks.o
 .text.xTaskCreateStatic
                0x0000000008003378       0x9c ./simplicity_sdk_2024.6.2/util/third_party/freertos/kernel/tasks.o
                0x0000000008003378                xTaskCreateStatic
 .text.vTaskStartScheduler
                0x0000000008003414       0x84 ./simplicity_sdk_2024.6.2/util/third_party/freertos/kernel/tasks.o
                0x0000000008003414                vTaskStartScheduler
 .text.vTaskSuspendAll
                0x0000000008003498       0x10 ./simplicity_sdk_2024.6.2/util/third_party/freertos/kernel/tasks.o
                0x0000000008003498                vTaskSuspendAll
 .text.xTaskGetTickCount
                0x00000000080034a8        0xc ./simplicity_sdk_2024.6.2/util/third_party/freertos/kernel/tasks.o
                0x00000000080034a8                xTaskGetTickCount
 .text.xTaskIncrementTick
                0x00000000080034b4      0x128 ./simplicity_sdk_2024.6.2/util/third_party/freertos/kernel/tasks.o
                0x00000000080034b4                xTaskIncrementTick
 .text.xTaskResumeAll
                0x00000000080035dc       0xd4 ./simplicity_sdk_2024.6.2/util/third_party/freertos/kernel/tasks.o
                0x00000000080035dc                xTaskResumeAll
 .text.vTaskDelay
                0x00000000080036b0       0x3c ./simplicity_sdk_2024.6.2/util/third_party/freertos/kernel/tasks.o
                0x00000000080036b0                vTaskDelay
 .text.vTaskSwitchContext
                0x00000000080036ec       0xa8 ./simplicity_sdk_2024.6.2/util/third_party/freertos/kernel/tasks.o
                0x00000000080036ec                vTaskSwitchContext
 .text.vTaskPlaceOnEventList
                0x0000000008003794       0x34 ./simplicity_sdk_2024.6.2/util/third_party/freertos/kernel/tasks.o
                0x0000000008003794                vTaskPlaceOnEventList
 .text.vTaskPlaceOnEventListRestricted
                0x00000000080037c8       0x40 ./simplicity_sdk_2024.6.2/util/third_party/freertos/kernel/tasks.o
                0x00000000080037c8                vTaskPlaceOnEventListRestricted
 .text.xTaskRemoveFromEventList
                0x0000000008003808       0x7c ./simplicity_sdk_2024.6.2/util/third_party/freertos/kernel/tasks.o
                0x0000000008003808                xTaskRemoveFromEventList
 .text.vTaskInternalSetTimeOutState
                0x0000000008003884       0x18 ./simplicity_sdk_2024.6.2/util/third_party/freertos/kernel/tasks.o
                0x0000000008003884                vTaskInternalSetTimeOutState
 .text.xTaskCheckForTimeOut
                0x000000000800389c       0x6c ./simplicity_sdk_2024.6.2/util/third_party/freertos/kernel/tasks.o
                0x000000000800389c                xTaskCheckForTimeOut
 .text.vTaskMissedYield
                0x0000000008003908        0xc ./simplicity_sdk_2024.6.2/util/third_party/freertos/kernel/tasks.o
                0x0000000008003908                vTaskMissedYield
 .text.xTaskGetSchedulerState
                0x0000000008003914       0x20 ./simplicity_sdk_2024.6.2/util/third_party/freertos/kernel/tasks.o
                0x0000000008003914                xTaskGetSchedulerState
 .text.xTaskPriorityDisinherit
                0x0000000008003934       0x7c ./simplicity_sdk_2024.6.2/util/third_party/freertos/kernel/tasks.o
                0x0000000008003934                xTaskPriorityDisinherit
 .text.prvInsertTimerInActiveList
                0x00000000080039b0       0x3c ./simplicity_sdk_2024.6.2/util/third_party/freertos/kernel/timers.o
 .text.prvCheckForValidListAndQueue
                0x00000000080039ec       0x68 ./simplicity_sdk_2024.6.2/util/third_party/freertos/kernel/timers.o
 .text.xTimerCreateTimerTask
                0x0000000008003a54       0x64 ./simplicity_sdk_2024.6.2/util/third_party/freertos/kernel/timers.o
                0x0000000008003a54                xTimerCreateTimerTask
 .text.xTimerGenericCommand
                0x0000000008003ab8       0x5c ./simplicity_sdk_2024.6.2/util/third_party/freertos/kernel/timers.o
                0x0000000008003ab8                xTimerGenericCommand
 .text.prvSampleTimeNow
                0x0000000008003b14       0xa0 ./simplicity_sdk_2024.6.2/util/third_party/freertos/kernel/timers.o
 .text.prvTimerTask
                0x0000000008003bb4      0x1bc ./simplicity_sdk_2024.6.2/util/third_party/freertos/kernel/timers.o
 .text.prvTaskExitError
                0x0000000008003d70       0x30 ./simplicity_sdk_2024.6.2/util/third_party/freertos/kernel/portable/GCC/ARM_CM33_NTZ/non_secure/port.o
 .text.vPortSetupTimerInterrupt
                0x0000000008003da0       0x24 ./simplicity_sdk_2024.6.2/util/third_party/freertos/kernel/portable/GCC/ARM_CM33_NTZ/non_secure/port.o
                0x0000000008003da0                vPortSetupTimerInterrupt
 .text.vPortEnterCritical
                0x0000000008003dc4       0x1c ./simplicity_sdk_2024.6.2/util/third_party/freertos/kernel/portable/GCC/ARM_CM33_NTZ/non_secure/port.o
                0x0000000008003dc4                vPortEnterCritical
 .text.vPortExitCritical
                0x0000000008003de0       0x30 ./simplicity_sdk_2024.6.2/util/third_party/freertos/kernel/portable/GCC/ARM_CM33_NTZ/non_secure/port.o
                0x0000000008003de0                vPortExitCritical
 .text.vPortSVCHandler_C
                0x0000000008003e10       0x38 ./simplicity_sdk_2024.6.2/util/third_party/freertos/kernel/portable/GCC/ARM_CM33_NTZ/non_secure/port.o
                0x0000000008003e10                vPortSVCHandler_C
 .text.pxPortInitialiseStack
                0x0000000008003e48       0x70 ./simplicity_sdk_2024.6.2/util/third_party/freertos/kernel/portable/GCC/ARM_CM33_NTZ/non_secure/port.o
                0x0000000008003e48                pxPortInitialiseStack
 .text.xPortStartScheduler
                0x0000000008003eb8       0x3c ./simplicity_sdk_2024.6.2/util/third_party/freertos/kernel/portable/GCC/ARM_CM33_NTZ/non_secure/port.o
                0x0000000008003eb8                xPortStartScheduler
 .text          0x0000000008003ef4       0x30 /home/developer/SimplicityStudio_v5/developer/toolchains/gnu_arm/12.2.rel1_2023.7/bin/../lib/gcc/arm-none-eabi/12.2.1/thumb/v8-m.main+fp/hard/libgcc.a(_aeabi_uldivmod.o)
                0x0000000008003ef4                __aeabi_uldivmod
 .text.__udivmoddi4
                0x0000000008003f24      0x2ec /home/developer/SimplicityStudio_v5/developer/toolchains/gnu_arm/12.2.rel1_2023.7/bin/../lib/gcc/arm-none-eabi/12.2.1/thumb/v8-m.main+fp/hard/libgcc.a(_udivmoddi4.o)
                0x0000000008003f24                __udivmoddi4
 .text          0x0000000008004210        0x4 /home/developer/SimplicityStudio_v5/developer/toolchains/gnu_arm/12.2.rel1_2023.7/bin/../lib/gcc/arm-none-eabi/12.2.1/thumb/v8-m.main+fp/hard/libgcc.a(_dvmd_tls.o)
                0x0000000008004210                __aeabi_ldiv0
                0x0000000008004210                __aeabi_idiv0
 .text.exit     0x0000000008004214       0x24 /home/developer/SimplicityStudio_v5/developer/toolchains/gnu_arm/12.2.rel1_2023.7/bin/../lib/gcc/arm-none-eabi/12.2.1/../../../../arm-none-eabi/lib/thumb/v8-m.main+fp/hard/libc_nano.a(libc_a-exit.o)
                0x0000000008004214                exit
 .text.__libc_init_array
                0x0000000008004238       0x48 /home/developer/SimplicityStudio_v5/developer/toolchains/gnu_arm/12.2.rel1_2023.7/bin/../lib/gcc/arm-none-eabi/12.2.1/../../../../arm-none-eabi/lib/thumb/v8-m.main+fp/hard/libc_nano.a(libc_a-init.o)
                0x0000000008004238                __libc_init_array
 .text.free     0x0000000008004280       0x10 /home/developer/SimplicityStudio_v5/developer/toolchains/gnu_arm/12.2.rel1_2023.7/bin/../lib/gcc/arm-none-eabi/12.2.1/../../../../arm-none-eabi/lib/thumb/v8-m.main+fp/hard/libc_nano.a(libc_a-malloc.o)
                0x0000000008004280                free
 .text.app_init
                0x0000000008004290        0x4 ./app.o
                0x0000000008004290                app_init
 .text.blink_task
                0x0000000008004294       0x1e ./blink.o
 .text.startup.main
                0x00000000080042b2       0x12 ./main.o
                0x00000000080042b2                main
 .text.sl_board_default_init
                0x00000000080042c4        0x2 ./autogen/sl_board_default_init.o
                0x00000000080042c4                sl_board_default_init
 .text.sl_platform_init
                0x00000000080042c6       0x2a ./autogen/sl_event_handler.o
                0x00000000080042c6                sl_platform_init
 .text.sl_kernel_start
                0x00000000080042f0        0x4 ./autogen/sl_event_handler.o
                0x00000000080042f0                sl_kernel_start
 .text.sl_driver_init
                0x00000000080042f4        0x4 ./autogen/sl_event_handler.o
                0x00000000080042f4                sl_driver_init
 .text.sl_service_init
                0x00000000080042f8        0xe ./autogen/sl_event_handler.o
                0x00000000080042f8                sl_service_init
 .text.sl_stack_init
                0x0000000008004306        0x2 ./autogen/sl_event_handler.o
                0x0000000008004306                sl_stack_init
 .text.sl_internal_app_init
                0x0000000008004308        0x2 ./autogen/sl_event_handler.o
                0x0000000008004308                sl_internal_app_init
 .text.sl_board_configure_vcom
                0x000000000800430a        0x4 ./simplicity_sdk_2024.6.2/hardware/board/src/sl_board_control_gpio.o
                0x000000000800430a                sl_board_configure_vcom
 .text.Default_Handler
                0x000000000800430e        0x2 ./simplicity_sdk_2024.6.2/platform/Device/SiliconLabs/EFR32MG24/Source/startup_efr32mg24.o
                0x000000000800430e                ULFRCO_IRQHandler
                0x000000000800430e                AHB2AHB1_IRQHandler
                0x000000000800430e                SW2_IRQHandler
                0x000000000800430e                TIMER2_IRQHandler
                0x000000000800430e                DebugMon_Handler
                0x000000000800430e                USART0_TX_IRQHandler
                0x000000000800430e                IADC_IRQHandler
                0x000000000800430e                EUSART0_TX_IRQHandler
                0x000000000800430e                I2C0_IRQHandler
                0x000000000800430e                LFXO_IRQHandler
                0x000000000800430e                HardFault_Handler
                0x000000000800430e                SMU_SECURE_IRQHandler
                0x000000000800430e                SYSRTC_SEQ_IRQHandler
                0x000000000800430e                EMUEFP_IRQHandler
                0x000000000800430e                NMI_Handler
                0x000000000800430e                SYNTH_IRQHandler
                0x000000000800430e                HOSTMAILBOX_IRQHandler
                0x000000000800430e                HFXO0_IRQHandler
                0x000000000800430e                I2C1_IRQHandler
                0x000000000800430e                WDOG0_IRQHandler
                0x000000000800430e                TIMER3_IRQHandler
                0x000000000800430e                SYSCFG_IRQHandler
                0x000000000800430e                RFECA1_IRQHandler
                0x000000000800430e                EMUDG_IRQHandler
                0x000000000800430e                MSC_IRQHandler
                0x000000000800430e                DPLL0_IRQHandler
                0x000000000800430e                UsageFault_Handler
                0x000000000800430e                WDOG1_IRQHandler
                0x000000000800430e                M33CTI1_IRQHandler
                0x000000000800430e                TIMER4_IRQHandler
                0x000000000800430e                GPIO_EVEN_IRQHandler
                0x000000000800430e                VDAC0_IRQHandler
                0x000000000800430e                LDMA_IRQHandler
                0x000000000800430e                SEMBTX_IRQHandler
                0x000000000800430e                SW0_IRQHandler
                0x000000000800430e                TIMER0_IRQHandler
                0x000000000800430e                MVP_IRQHandler
                0x000000000800430e                LETIMER0_IRQHandler
                0x000000000800430e                EUSART1_RX_IRQHandler
                0x000000000800430e                TIMER1_IRQHandler
                0x000000000800430e                HFRCO0_IRQHandler
                0x000000000800430e                SecureFault_Handler
                0x000000000800430e                BUFC_IRQHandler
                0x000000000800430e                DCDC_IRQHandler
                0x000000000800430e                MODEM_IRQHandler
                0x000000000800430e                Default_Handler
                0x000000000800430e                RAC_SEQ_IRQHandler
                0x000000000800430e                FRC_PRI_IRQHandler
                0x000000000800430e                EMU_IRQHandler
                0x000000000800430e                SW3_IRQHandler
                0x000000000800430e                KERNEL0_IRQHandler
                0x000000000800430e                FRC_IRQHandler
                0x000000000800430e                PCNT0_IRQHandler
                0x000000000800430e                KERNEL1_IRQHandler
                0x000000000800430e                AGC_IRQHandler
                0x000000000800430e                EUSART1_TX_IRQHandler
                0x000000000800430e                KEYSCAN_IRQHandler
                0x000000000800430e                sl_app_properties
                0x000000000800430e                HFRCOEM23_IRQHandler
                0x000000000800430e                BURTC_IRQHandler
                0x000000000800430e                SEMBRX_IRQHandler
                0x000000000800430e                RFECA0_IRQHandler
                0x000000000800430e                LFRCO_IRQHandler
                0x000000000800430e                VDAC1_IRQHandler
                0x000000000800430e                ACMP0_IRQHandler
                0x000000000800430e                USART0_RX_IRQHandler
                0x000000000800430e                MemManage_Handler
                0x000000000800430e                AHB2AHB0_IRQHandler
                0x000000000800430e                SMU_S_PRIVILEGED_IRQHandler
                0x000000000800430e                SW1_IRQHandler
                0x000000000800430e                CMU_IRQHandler
                0x000000000800430e                EUSART0_RX_IRQHandler
                0x000000000800430e                RAC_RSM_IRQHandler
                0x000000000800430e                SETAMPERHOST_IRQHandler
                0x000000000800430e                GPIO_ODD_IRQHandler
                0x000000000800430e                AES_IRQHandler
                0x000000000800430e                M33CTI0_IRQHandler
                0x000000000800430e                ICACHE0_IRQHandler
                0x000000000800430e                SMU_NS_PRIVILEGED_IRQHandler
                0x000000000800430e                FPUEXH_IRQHandler
                0x000000000800430e                PROTIMER_IRQHandler
                0x000000000800430e                ACMP1_IRQHandler
                0x000000000800430e                BusFault_Handler
                0x000000000800430e                MPAHBRAM_IRQHandler
 .text.CopyBlock
                0x0000000008004310       0x18 ./simplicity_sdk_2024.6.2/platform/Device/SiliconLabs/EFR32MG24/Source/startup_efr32mg24.o
                0x0000000008004310                CopyBlock
 .text.SystemCLKIN0Get
                0x0000000008004328        0x4 ./simplicity_sdk_2024.6.2/platform/Device/SiliconLabs/EFR32MG24/Source/system_efr32mg24.o
                0x0000000008004328                SystemCLKIN0Get
 .text.SystemLFRCOClockGet
                0x000000000800432c        0x6 ./simplicity_sdk_2024.6.2/platform/Device/SiliconLabs/EFR32MG24/Source/system_efr32mg24.o
                0x000000000800432c                SystemLFRCOClockGet
 .text.SystemULFRCOClockGet
                0x0000000008004332        0x6 ./simplicity_sdk_2024.6.2/platform/Device/SiliconLabs/EFR32MG24/Source/system_efr32mg24.o
                0x0000000008004332                SystemULFRCOClockGet
 .text.assertEFM
                0x0000000008004338        0x2 ./simplicity_sdk_2024.6.2/platform/common/src/sl_assert.o
                0x0000000008004338                assertEFM
 .text.CORE_EnterCritical
                0x000000000800433a        0x8 ./simplicity_sdk_2024.6.2/platform/common/src/sl_core_cortexm.o
                0x000000000800433a                CORE_EnterCritical
 .text.CORE_ExitCritical
                0x0000000008004342        0x6 ./simplicity_sdk_2024.6.2/platform/common/src/sl_core_cortexm.o
                0x0000000008004342                CORE_ExitCritical
 .text.CORE_EnterAtomic
                0x0000000008004348        0xc ./simplicity_sdk_2024.6.2/platform/common/src/sl_core_cortexm.o
                0x0000000008004348                CORE_EnterAtomic
 .text.CORE_ExitAtomic
                0x0000000008004354        0x6 ./simplicity_sdk_2024.6.2/platform/common/src/sl_core_cortexm.o
                0x0000000008004354                CORE_ExitAtomic
 .text._exit    0x000000000800435a        0x2 ./simplicity_sdk_2024.6.2/platform/common/src/sl_syscalls.o
                0x000000000800435a                _exit
 .text.sl_led_init
                0x000000000800435c        0x6 ./simplicity_sdk_2024.6.2/platform/driver/leddrv/src/sl_led.o
                0x000000000800435c                sl_led_init
 .text.sl_led_toggle
                0x0000000008004362        0x6 ./simplicity_sdk_2024.6.2/platform/driver/leddrv/src/sl_led.o
                0x0000000008004362                sl_led_toggle
 .text.sl_simple_led_turn_on
                0x0000000008004368       0x12 ./simplicity_sdk_2024.6.2/platform/driver/leddrv/src/sl_simple_led.o
                0x0000000008004368                sl_simple_led_turn_on
 .text.sl_simple_led_turn_off
                0x000000000800437a       0x12 ./simplicity_sdk_2024.6.2/platform/driver/leddrv/src/sl_simple_led.o
                0x000000000800437a                sl_simple_led_turn_off
 .text.BUS_RegMaskedWrite
                0x000000000800438c       0x1e ./simplicity_sdk_2024.6.2/platform/emlib/src/em_cmu.o
 .text.waitStateMax
                0x00000000080043aa       0x10 ./simplicity_sdk_2024.6.2/platform/emlib/src/em_cmu.o
 .text.CMU_UpdateWaitStates
                0x00000000080043ba        0xc ./simplicity_sdk_2024.6.2/platform/emlib/src/em_cmu.o
                0x00000000080043ba                CMU_UpdateWaitStates
 .text.pclkDivMax
                0x00000000080043c6        0xa ./simplicity_sdk_2024.6.2/platform/emlib/src/em_cmu.o
 .text.sli_em_cmu_SYSCLKInitPostClockSelect
                0x00000000080043d0       0x2e ./simplicity_sdk_2024.6.2/platform/emlib/src/em_cmu.o
                0x00000000080043d0                sli_em_cmu_SYSCLKInitPostClockSelect
 .text.EMU_EFPEM01VScale
                0x00000000080043fe        0x2 ./simplicity_sdk_2024.6.2/platform/emlib/src/em_emu.o
                0x00000000080043fe                EMU_EFPEM01VScale
 .text.EMU_DCDCUpdatedHook
                0x0000000008004400        0x2 ./simplicity_sdk_2024.6.2/platform/emlib/src/em_emu.o
                0x0000000008004400                EMU_DCDCUpdatedHook
 .text.BUS_RegMaskedWrite
                0x0000000008004402       0x1e ./simplicity_sdk_2024.6.2/platform/emlib/src/em_gpio.o
 .text.USART_SpiTransfer
                0x0000000008004420       0x14 ./simplicity_sdk_2024.6.2/platform/emlib/src/em_usart.o
                0x0000000008004420                USART_SpiTransfer
 .text.sl_clock_manager_runtime_init
                0x0000000008004434        0x4 ./simplicity_sdk_2024.6.2/platform/service/clock_manager/src/sl_clock_manager.o
                0x0000000008004434                sl_clock_manager_runtime_init
 .text.sl_clock_manager_get_clock_branch_frequency
                0x0000000008004438        0xa ./simplicity_sdk_2024.6.2/platform/service/clock_manager/src/sl_clock_manager.o
                0x0000000008004438                sl_clock_manager_get_clock_branch_frequency
 .text.sl_clock_manager_enable_bus_clock
                0x0000000008004442        0x6 ./simplicity_sdk_2024.6.2/platform/service/clock_manager/src/sl_clock_manager.o
                0x0000000008004442                sl_clock_manager_enable_bus_clock
 .text.sl_clock_manager_disable_bus_clock
                0x0000000008004448        0x6 ./simplicity_sdk_2024.6.2/platform/service/clock_manager/src/sl_clock_manager.o
                0x0000000008004448                sl_clock_manager_disable_bus_clock
 .text.sli_clock_manager_hal_runtime_init
                0x000000000800444e        0x4 ./simplicity_sdk_2024.6.2/platform/service/clock_manager/src/sl_clock_manager_hal_s2.o
                0x000000000800444e                sli_clock_manager_hal_runtime_init
 .text.sli_clock_manager_hal_get_clock_branch_frequency
                0x0000000008004452       0xbc ./simplicity_sdk_2024.6.2/platform/service/clock_manager/src/sl_clock_manager_hal_s2.o
                0x0000000008004452                sli_clock_manager_hal_get_clock_branch_frequency
 .text.sl_clock_manager_init
                0x000000000800450e        0x4 ./simplicity_sdk_2024.6.2/platform/service/clock_manager/src/sl_clock_manager_init.o
                0x000000000800450e                sl_clock_manager_init
 .text.sl_interrupt_manager_init
                0x0000000008004512       0x16 ./simplicity_sdk_2024.6.2/platform/service/interrupt_manager/src/sl_interrupt_manager_cortexm.o
                0x0000000008004512                sl_interrupt_manager_init
 .text.sl_free  0x0000000008004528        0x4 ./simplicity_sdk_2024.6.2/platform/service/memory_manager/src/sl_memory_manager.o
                0x0000000008004528                sl_free
 .text.__wrap__free_r
                0x000000000800452c        0x6 ./simplicity_sdk_2024.6.2/platform/service/memory_manager/src/sl_memory_manager_retarget.o
                0x000000000800452c                __wrap__free_r
 .text.sli_memory_metadata_init
                0x0000000008004532        0xc ./simplicity_sdk_2024.6.2/platform/service/memory_manager/src/sli_memory_manager_common.o
                0x0000000008004532                sli_memory_metadata_init
 .text.sleeptimer_hal_get_compare
                0x000000000800453e        0x8 ./simplicity_sdk_2024.6.2/platform/service/sleeptimer/src/sl_sleeptimer_hal_sysrtc.o
                0x000000000800453e                sleeptimer_hal_get_compare
 .text.sleeptimer_hal_enable_int
                0x0000000008004546       0x12 ./simplicity_sdk_2024.6.2/platform/service/sleeptimer/src/sl_sleeptimer_hal_sysrtc.o
                0x0000000008004546                sleeptimer_hal_enable_int
 .text.SYSRTC_APP_IRQHandler
                0x0000000008004558       0x34 ./simplicity_sdk_2024.6.2/platform/service/sleeptimer/src/sl_sleeptimer_hal_sysrtc.o
                0x0000000008004558                SYSRTC_APP_IRQHandler
 .text.sl_system_init
                0x000000000800458c       0x1a ./simplicity_sdk_2024.6.2/platform/service/system/src/sl_system_init.o
                0x000000000800458c                sl_system_init
 .text.sl_system_kernel_start
                0x00000000080045a6        0x4 ./simplicity_sdk_2024.6.2/platform/service/system/src/sl_system_kernel.o
                0x00000000080045a6                sl_system_kernel_start
 .text.SysTick_Handler
                0x00000000080045aa       0x1a ./simplicity_sdk_2024.6.2/util/third_party/freertos/cmsis/Source/cmsis_os2.o
                0x00000000080045aa                SysTick_Handler
 .text.vListInitialise
                0x00000000080045c4       0x16 ./simplicity_sdk_2024.6.2/util/third_party/freertos/kernel/list.o
                0x00000000080045c4                vListInitialise
 .text.vListInitialiseItem
                0x00000000080045da        0x6 ./simplicity_sdk_2024.6.2/util/third_party/freertos/kernel/list.o
                0x00000000080045da                vListInitialiseItem
 .text.vListInsertEnd
                0x00000000080045e0       0x16 ./simplicity_sdk_2024.6.2/util/third_party/freertos/kernel/list.o
                0x00000000080045e0                vListInsertEnd
 .text.vListInsert
                0x00000000080045f6       0x2e ./simplicity_sdk_2024.6.2/util/third_party/freertos/kernel/list.o
                0x00000000080045f6                vListInsert
 .text.uxListRemove
                0x0000000008004624       0x20 ./simplicity_sdk_2024.6.2/util/third_party/freertos/kernel/list.o
                0x0000000008004624                uxListRemove
 .text.prvIsQueueEmpty
                0x0000000008004644       0x16 ./simplicity_sdk_2024.6.2/util/third_party/freertos/kernel/queue.o
 .text.prvCopyDataToQueue
                0x000000000800465a       0x66 ./simplicity_sdk_2024.6.2/util/third_party/freertos/kernel/queue.o
 .text.prvCopyDataFromQueue
                0x00000000080046c0       0x2c ./simplicity_sdk_2024.6.2/util/third_party/freertos/kernel/queue.o
 .text.prvUnlockQueue
                0x00000000080046ec       0x70 ./simplicity_sdk_2024.6.2/util/third_party/freertos/kernel/queue.o
 .text.vQueueWaitForMessageRestricted
                0x000000000800475c       0x46 ./simplicity_sdk_2024.6.2/util/third_party/freertos/kernel/queue.o
                0x000000000800475c                vQueueWaitForMessageRestricted
 .text.prvInitialiseNewTask.constprop.0
                0x00000000080047a2       0x98 ./simplicity_sdk_2024.6.2/util/third_party/freertos/kernel/tasks.o
 .text.vPortYield
                0x000000000800483a       0x16 ./simplicity_sdk_2024.6.2/util/third_party/freertos/kernel/portable/GCC/ARM_CM33_NTZ/non_secure/port.o
                0x000000000800483a                vPortYield
 .text.xPortSysTickHandler
                0x0000000008004850       0x24 ./simplicity_sdk_2024.6.2/util/third_party/freertos/kernel/portable/GCC/ARM_CM33_NTZ/non_secure/port.o
                0x0000000008004850                xPortSysTickHandler
 .text.ulSetInterruptMask
                0x0000000008004874       0x16 ./simplicity_sdk_2024.6.2/util/third_party/freertos/kernel/portable/GCC/ARM_CM33_NTZ/non_secure/portasm.o
                0x0000000008004874                ulSetInterruptMask
 .text.vClearInterruptMask
                0x000000000800488a        0xe ./simplicity_sdk_2024.6.2/util/third_party/freertos/kernel/portable/GCC/ARM_CM33_NTZ/non_secure/portasm.o
                0x000000000800488a                vClearInterruptMask
 .text.vPortFree
                0x0000000008004898       0x1a ./simplicity_sdk_2024.6.2/util/third_party/freertos/kernel/portable/MemMang/heap_3.o
                0x0000000008004898                vPortFree
 .text.memcpy   0x00000000080048b2       0x1a /home/developer/SimplicityStudio_v5/developer/toolchains/gnu_arm/12.2.rel1_2023.7/bin/../lib/gcc/arm-none-eabi/12.2.1/../../../../arm-none-eabi/lib/thumb/v8-m.main+fp/hard/libc_nano.a(libc_a-memcpy-stub.o)
                0x00000000080048b2                memcpy
 .text.memset   0x00000000080048cc       0x10 /home/developer/SimplicityStudio_v5/developer/toolchains/gnu_arm/12.2.rel1_2023.7/bin/../lib/gcc/arm-none-eabi/12.2.1/../../../../arm-none-eabi/lib/thumb/v8-m.main+fp/hard/libc_nano.a(libc_a-memset.o)
                0x00000000080048cc                memset
 *(SORT_BY_ALIGNMENT(text_*))
                0x00000000080048e0                . = ALIGN (0x20)
 *fill*         0x00000000080048dc        0x4 
                0x00000000080048e0                linker_code_end = .
 *(.init)
 .init          0x00000000080048e0        0x4 /home/developer/SimplicityStudio_v5/developer/toolchains/gnu_arm/12.2.rel1_2023.7/bin/../lib/gcc/arm-none-eabi/12.2.1/thumb/v8-m.main+fp/hard/crti.o
                0x00000000080048e0                _init
 .init          0x00000000080048e4        0x8 /home/developer/SimplicityStudio_v5/developer/toolchains/gnu_arm/12.2.rel1_2023.7/bin/../lib/gcc/arm-none-eabi/12.2.1/thumb/v8-m.main+fp/hard/crtn.o
 *(.fini)
 .fini          0x00000000080048ec        0x4 /home/developer/SimplicityStudio_v5/developer/toolchains/gnu_arm/12.2.rel1_2023.7/bin/../lib/gcc/arm-none-eabi/12.2.1/thumb/v8-m.main+fp/hard/crti.o
                0x00000000080048ec                _fini
 .fini          0x00000000080048f0        0x8 /home/developer/SimplicityStudio_v5/developer/toolchains/gnu_arm/12.2.rel1_2023.7/bin/../lib/gcc/arm-none-eabi/12.2.1/thumb/v8-m.main+fp/hard/crtn.o
 *crtbegin.o(.ctors)
 *crtbegin?.o(.ctors)
 *(EXCLUDE_FILE(*crtend.o *crtend?.o) .ctors)
 *(SORT_BY_NAME(.ctors.*))
 *(.ctors)
 *crtbegin.o(.dtors)
 *crtbegin?.o(.dtors)
 *(EXCLUDE_FILE(*crtend.o *crtend?.o) .dtors)
 *(SORT_BY_NAME(.dtors.*))
 *(.dtors)
 *(.rodata*)
 .rodata.blink_init.str1.1
                0x00000000080048f8       0x16 ./blink.o
 *fill*         0x000000000800490e        0x2 
 .rodata.sl_led_led2
                0x0000000008004910       0x18 ./autogen/sl_simple_led_instances.o
                0x0000000008004910                sl_led_led2
 .rodata.sl_led_led1
                0x0000000008004928       0x18 ./autogen/sl_simple_led_instances.o
                0x0000000008004928                sl_led_led1
 .rodata.sl_led_led0
                0x0000000008004940       0x18 ./autogen/sl_simple_led_instances.o
                0x0000000008004940                sl_led_led0
 .rodata        0x0000000008004958       0x1c ./simplicity_sdk_2024.6.2/hardware/driver/mx25_flash_shutdown/src/sl_mx25_flash_shutdown_usart/sl_mx25_flash_shutdown.o
 .rodata.GPIO_PinOutClear.str1.1
                0x0000000008004974       0x55 ./simplicity_sdk_2024.6.2/platform/driver/leddrv/src/sl_simple_led.o
 *fill*         0x00000000080049c9        0x1 
 .rodata.CSWTCH.18
                0x00000000080049ca        0x8 ./simplicity_sdk_2024.6.2/platform/driver/leddrv/src/sl_simple_led.o
 .rodata.HFRCODPLLDevinfoGet.str1.1
                0x00000000080049d2       0x53 ./simplicity_sdk_2024.6.2/platform/emlib/src/em_cmu.o
 .rodata.EMU_VScaleEM01.str1.1
                0x0000000008004a25       0x53 ./simplicity_sdk_2024.6.2/platform/emlib/src/em_emu.o
 .rodata.GPIO_PinOutSet.str1.1
                0x0000000008004a78       0x55 ./simplicity_sdk_2024.6.2/platform/emlib/src/em_gpio.o
 .rodata.GPIO_ExtIntConfig.str1.1
                0x0000000008004a78       0x54 ./simplicity_sdk_2024.6.2/platform/emlib/src/em_gpio.o
 .rodata.CSWTCH.31
                0x0000000008004acc        0x8 ./simplicity_sdk_2024.6.2/platform/emlib/src/em_gpio.o
 .rodata.USART_BaudrateAsyncSet.str1.1
                0x0000000008004ad4       0x55 ./simplicity_sdk_2024.6.2/platform/emlib/src/em_usart.o
 .rodata.sl_hal_sysrtc_init_group.str1.1
                0x0000000008004b29       0x5f ./simplicity_sdk_2024.6.2/platform/peripheral/src/sl_hal_sysrtc.o
 .rodata.sli_clock_manager_hal_enable_bus_clock.str1.1
                0x0000000008004b88       0x54 ./simplicity_sdk_2024.6.2/platform/service/clock_manager/src/sl_clock_manager_hal_s2.o
 .rodata        0x0000000008004bdc       0x3c ./simplicity_sdk_2024.6.2/platform/service/clock_manager/src/sl_clock_manager_init_hal_s2.o
 .rodata        0x0000000008004c18        0x7 ./simplicity_sdk_2024.6.2/platform/service/device_init/src/sl_device_init_dcdc_s2.o
 *fill*         0x0000000008004c1f        0x1 
 .rodata.SL_BUS_CLOCK_USART0_VALUE
                0x0000000008004c20        0x4 ./simplicity_sdk_2024.6.2/platform/service/device_manager/clocks/sl_device_clock_efr32xg24.o
                0x0000000008004c20                SL_BUS_CLOCK_USART0_VALUE
 .rodata.SL_BUS_CLOCK_SYSRTC0_VALUE
                0x0000000008004c24        0x4 ./simplicity_sdk_2024.6.2/platform/service/device_manager/clocks/sl_device_clock_efr32xg24.o
                0x0000000008004c24                SL_BUS_CLOCK_SYSRTC0_VALUE
 .rodata.SL_BUS_CLOCK_GPIO_VALUE
                0x0000000008004c28        0x4 ./simplicity_sdk_2024.6.2/platform/service/device_manager/clocks/sl_device_clock_efr32xg24.o
                0x0000000008004c28                SL_BUS_CLOCK_GPIO_VALUE
 .rodata.sl_peripheral_val_sysrtc0
                0x0000000008004c2c        0xc ./simplicity_sdk_2024.6.2/platform/service/device_manager/devices/sl_device_peripheral_hal_efr32xg24.o
                0x0000000008004c2c                sl_peripheral_val_sysrtc0
 .rodata.sl_interrupt_manager_disable_irq.str1.1
                0x0000000008004c38       0x7d ./simplicity_sdk_2024.6.2/platform/service/interrupt_manager/src/sl_interrupt_manager_cortexm.o
 .rodata.process_timer_irq.str1.1
                0x0000000008004cb5       0x67 ./simplicity_sdk_2024.6.2/platform/service/sleeptimer/src/sl_sleeptimer.o
 .rodata.sl_udelay_wait.str1.1
                0x0000000008004d1c       0x5f ./simplicity_sdk_2024.6.2/platform/service/udelay/src/sl_udelay.o
 .rodata.vApplicationStackOverflowHook.str1.1
                0x0000000008004d7b       0x6a ./simplicity_sdk_2024.6.2/util/third_party/freertos/cmsis/Source/cmsis_os2.o
 .rodata.xQueueGenericReset.str1.1
                0x0000000008004de5       0x60 ./simplicity_sdk_2024.6.2/util/third_party/freertos/kernel/queue.o
 .rodata.prvTaskIsTaskSuspended.str1.1
                0x0000000008004e45       0x60 ./simplicity_sdk_2024.6.2/util/third_party/freertos/kernel/tasks.o
 .rodata.vTaskStartScheduler.str1.1
                0x0000000008004ea5        0x5 ./simplicity_sdk_2024.6.2/util/third_party/freertos/kernel/tasks.o
 .rodata.prvCheckForValidListAndQueue.str1.1
                0x0000000008004eaa        0x5 ./simplicity_sdk_2024.6.2/util/third_party/freertos/kernel/timers.o
 .rodata.xTimerCreateTimerTask.str1.1
                0x0000000008004eaf       0x69 ./simplicity_sdk_2024.6.2/util/third_party/freertos/kernel/timers.o
 .rodata.prvTaskExitError.str1.1
                0x0000000008004f18       0x84 ./simplicity_sdk_2024.6.2/util/third_party/freertos/kernel/portable/GCC/ARM_CM33_NTZ/non_secure/port.o
 *(.eh_frame*)
 .eh_frame      0x0000000008004f9c        0x0 /home/developer/SimplicityStudio_v5/developer/toolchains/gnu_arm/12.2.rel1_2023.7/bin/../lib/gcc/arm-none-eabi/12.2.1/thumb/v8-m.main+fp/hard/crtbegin.o

.glue_7         0x0000000008004f9c        0x0
 .glue_7        0x0000000008004f9c        0x0 linker stubs

.glue_7t        0x0000000008004f9c        0x0
 .glue_7t       0x0000000008004f9c        0x0 linker stubs

.vfp11_veneer   0x0000000008004f9c        0x0
 .vfp11_veneer  0x0000000008004f9c        0x0 linker stubs

.v4_bx          0x0000000008004f9c        0x0
 .v4_bx         0x0000000008004f9c        0x0 linker stubs

.iplt           0x0000000008004f9c        0x0
 .iplt          0x0000000008004f9c        0x0 /home/developer/SimplicityStudio_v5/developer/toolchains/gnu_arm/12.2.rel1_2023.7/bin/../lib/gcc/arm-none-eabi/12.2.1/thumb/v8-m.main+fp/hard/crtbegin.o

.ARM.extab
 *(.ARM.extab* .gnu.linkonce.armextab.*)
                0x0000000008004f9c                __exidx_start = .

.ARM.exidx      0x0000000008004f9c        0x8
 *(.ARM.exidx* .gnu.linkonce.armexidx.*)
 .ARM.exidx     0x0000000008004f9c        0x8 /home/developer/SimplicityStudio_v5/developer/toolchains/gnu_arm/12.2.rel1_2023.7/bin/../lib/gcc/arm-none-eabi/12.2.1/../../../../arm-none-eabi/lib/thumb/v8-m.main+fp/hard/crt0.o
                                         0x10 (size before relaxing)
 .ARM.exidx.text.__udivmoddi4
                0x0000000008004fa4        0x0 /home/developer/SimplicityStudio_v5/developer/toolchains/gnu_arm/12.2.rel1_2023.7/bin/../lib/gcc/arm-none-eabi/12.2.1/thumb/v8-m.main+fp/hard/libgcc.a(_udivmoddi4.o)
                                          0x8 (size before relaxing)
                0x0000000008004fa4                __exidx_end = .

.rel.dyn        0x0000000008004fa4        0x0
 .rel.iplt      0x0000000008004fa4        0x0 /home/developer/SimplicityStudio_v5/developer/toolchains/gnu_arm/12.2.rel1_2023.7/bin/../lib/gcc/arm-none-eabi/12.2.1/thumb/v8-m.main+fp/hard/crtbegin.o

.copy.table     0x0000000008004fa4        0xc
                0x0000000008004fa4                . = ALIGN (0x4)
                0x0000000008004fa4                __copy_table_start__ = .
                0x0000000008004fa4        0x4 LONG 0x8004fb0 __etext
                0x0000000008004fa8        0x4 LONG 0x20002688 __data_start__
                0x0000000008004fac        0x4 LONG 0x20 ((__data_end__ - __data_start__) / 0x4)
                0x0000000008004fb0                __copy_table_end__ = .

.zero.table     0x0000000008004fb0        0x0
                0x0000000008004fb0                . = ALIGN (0x4)
                0x0000000008004fb0                __zero_table_start__ = .
                0x0000000008004fb0                __zero_table_end__ = .
                0x0000000008004fb0                __etext = .

.data           0x0000000020002688       0x80 load address 0x0000000008004fb0
                0x0000000020002688                . = ALIGN (0x4)
                0x0000000020002688                __data_start__ = .
 *(vtable)
 *(SORT_BY_ALIGNMENT(.data*))
 .data.SystemCoreClock
                0x0000000020002688        0x4 ./simplicity_sdk_2024.6.2/platform/Device/SiliconLabs/EFR32MG24/Source/system_efr32mg24.o
                0x0000000020002688                SystemCoreClock
 .data.SystemHFRCODPLLClock
                0x000000002000268c        0x4 ./simplicity_sdk_2024.6.2/platform/Device/SiliconLabs/EFR32MG24/Source/system_efr32mg24.o
 .data.SystemLFXOClock
                0x0000000020002690        0x4 ./simplicity_sdk_2024.6.2/platform/Device/SiliconLabs/EFR32MG24/Source/system_efr32mg24.o
 .data.SystemHFXOClock
                0x0000000020002694        0x4 ./simplicity_sdk_2024.6.2/platform/Device/SiliconLabs/EFR32MG24/Source/system_efr32mg24.o
 .data.uxTopUsedPriority
                0x0000000020002698        0x4 ./simplicity_sdk_2024.6.2/util/third_party/freertos/kernel/tasks.o
                0x0000000020002698                uxTopUsedPriority
 .data.ulCriticalNesting
                0x000000002000269c        0x4 ./simplicity_sdk_2024.6.2/util/third_party/freertos/kernel/portable/GCC/ARM_CM33_NTZ/non_secure/port.o
 .data._impure_ptr
                0x00000000200026a0        0x4 /home/developer/SimplicityStudio_v5/developer/toolchains/gnu_arm/12.2.rel1_2023.7/bin/../lib/gcc/arm-none-eabi/12.2.1/../../../../arm-none-eabi/lib/thumb/v8-m.main+fp/hard/libc_nano.a(libc_a-impure.o)
                0x00000000200026a0                _impure_ptr
 .data._impure_data
                0x00000000200026a4       0x4c /home/developer/SimplicityStudio_v5/developer/toolchains/gnu_arm/12.2.rel1_2023.7/bin/../lib/gcc/arm-none-eabi/12.2.1/../../../../arm-none-eabi/lib/thumb/v8-m.main+fp/hard/libc_nano.a(libc_a-impure.o)
                0x00000000200026a4                _impure_data
 .data.hfxo_precision
                0x00000000200026f0        0x2 ./simplicity_sdk_2024.6.2/platform/emlib/src/em_cmu.o
 .data.lfxo_precision
                0x00000000200026f2        0x2 ./simplicity_sdk_2024.6.2/platform/emlib/src/em_cmu.o
 .data.simple_led2_context
                0x00000000200026f4        0x3 ./autogen/sl_simple_led_instances.o
                0x00000000200026f4                simple_led2_context
 .data.simple_led1_context
                0x00000000200026f7        0x3 ./autogen/sl_simple_led_instances.o
                0x00000000200026f7                simple_led1_context
 .data.simple_led0_context
                0x00000000200026fa        0x3 ./autogen/sl_simple_led_instances.o
                0x00000000200026fa                simple_led0_context
 .data.ctuneDelta
                0x00000000200026fd        0x1 ./simplicity_sdk_2024.6.2/platform/emlib/src/em_cmu.o
 .data.cc_disabled
                0x00000000200026fe        0x1 ./simplicity_sdk_2024.6.2/platform/service/sleeptimer/src/sl_sleeptimer_hal_sysrtc.o
                0x0000000020002700                . = ALIGN (0x4)
 *fill*         0x00000000200026ff        0x1 
                0x0000000020002700                . = ALIGN (0x4)
                0x0000000020002700                PROVIDE (__preinit_array_start = .)
 *(.preinit_array)
                0x0000000020002700                PROVIDE (__preinit_array_end = .)
                0x0000000020002700                . = ALIGN (0x4)
                0x0000000020002700                PROVIDE (__init_array_start = .)
 *(SORT_BY_NAME(.init_array.*))
 *(.init_array)
 .init_array    0x0000000020002700        0x4 /home/developer/SimplicityStudio_v5/developer/toolchains/gnu_arm/12.2.rel1_2023.7/bin/../lib/gcc/arm-none-eabi/12.2.1/thumb/v8-m.main+fp/hard/crtbegin.o
                0x0000000020002704                PROVIDE (__init_array_end = .)
                0x0000000020002704                . = ALIGN (0x4)
                [!provide]                        PROVIDE (__fini_array_start = .)
 *(SORT_BY_NAME(.fini_array.*))
 *(.fini_array)
 .fini_array    0x0000000020002704        0x4 /home/developer/SimplicityStudio_v5/developer/toolchains/gnu_arm/12.2.rel1_2023.7/bin/../lib/gcc/arm-none-eabi/12.2.1/thumb/v8-m.main+fp/hard/crtbegin.o
                [!provide]                        PROVIDE (__fini_array_end = .)
                0x0000000020002708                . = ALIGN (0x4)
                0x0000000020002708                __data_end__ = .

.tm_clone_table
                0x0000000020002708        0x0 load address 0x0000000008005030
 .tm_clone_table
                0x0000000020002708        0x0 /home/developer/SimplicityStudio_v5/developer/toolchains/gnu_arm/12.2.rel1_2023.7/bin/../lib/gcc/arm-none-eabi/12.2.1/thumb/v8-m.main+fp/hard/crtbegin.o
 .tm_clone_table
                0x0000000020002708        0x0 /home/developer/SimplicityStudio_v5/developer/toolchains/gnu_arm/12.2.rel1_2023.7/bin/../lib/gcc/arm-none-eabi/12.2.1/thumb/v8-m.main+fp/hard/crtend.o

.igot.plt       0x0000000020002708        0x0 load address 0x0000000008005030
 .igot.plt      0x0000000020002708        0x0 /home/developer/SimplicityStudio_v5/developer/toolchains/gnu_arm/12.2.rel1_2023.7/bin/../lib/gcc/arm-none-eabi/12.2.1/thumb/v8-m.main+fp/hard/crtbegin.o

.memory_manager_heap
                0x0000000020002708        0x0 load address 0x0000000008005030
                0x0000000020002708                . = ALIGN (0x8)
                0x0000000020002708                __HeapBase = .
                0x0000000020002708                __end__ = .
                0x0000000020002708                end = __end__
                0x0000000020002708                _end = __end__
 *(.memory_manager_heap*)
                0x0000000020040000                __HeapLimit = (ORIGIN (RAM) + LENGTH (RAM))
                0x000000000003d8f8                __heap_size = (__HeapLimit - __HeapBase)
                0x0000000020040000                __ram_end__ = 0x20040000
                0x000000000817e000                __main_flash_end__ = 0x817e000

.internal_storage
 *(.internal_storage*)

.nvm
 *(.simee*)
                0x0000000020002688                __ramfuncs_start__ = __vma_ramfuncs_start__
                0x0000000020002688                __ramfuncs_end__ = __vma_ramfuncs_end__
                0x000000000817e000                linker_nvm_end = __main_flash_end__
                0x000000000817e000                linker_nvm_begin = (linker_nvm_end - SIZEOF (.nvm))
                0x000000000817e000                linker_storage_end = linker_nvm_begin
                0x000000000817e000                __nvm3Base = linker_nvm_begin
                0x000000000817e000                linker_storage_begin = (linker_storage_end - SIZEOF (.internal_storage))
                0x0000000000000001                ASSERT ((linker_storage_begin >= (__etext + SIZEOF (.data))), FLASH memory overflowed !)
                0x000000000817e000                app_flash_end = 0x817e000
                0x0000000000000001                ASSERT (((linker_nvm_begin + SIZEOF (.nvm)) <= app_flash_end), NVM3 is excessing the flash size !)
OUTPUT(11-Start-task-solution.axf elf32-littlearm)
LOAD linker stubs

.ARM.attributes
                0x0000000000000000       0x36
 .ARM.attributes
                0x0000000000000000       0x26 /home/developer/SimplicityStudio_v5/developer/toolchains/gnu_arm/12.2.rel1_2023.7/bin/../lib/gcc/arm-none-eabi/12.2.1/thumb/v8-m.main+fp/hard/crti.o
 .ARM.attributes
                0x0000000000000026       0x38 /home/developer/SimplicityStudio_v5/developer/toolchains/gnu_arm/12.2.rel1_2023.7/bin/../lib/gcc/arm-none-eabi/12.2.1/thumb/v8-m.main+fp/hard/crtbegin.o
 .ARM.attributes
                0x000000000000005e       0x24 /home/developer/SimplicityStudio_v5/developer/toolchains/gnu_arm/12.2.rel1_2023.7/bin/../lib/gcc/arm-none-eabi/12.2.1/../../../../arm-none-eabi/lib/thumb/v8-m.main+fp/hard/crt0.o
 .ARM.attributes
                0x0000000000000082       0x3a ./app.o
 .ARM.attributes
                0x00000000000000bc       0x3a ./blink.o
 .ARM.attributes
                0x00000000000000f6       0x3a ./main.o
 .ARM.attributes
                0x0000000000000130       0x3a ./autogen/sl_board_default_init.o
 .ARM.attributes
                0x000000000000016a       0x3a ./autogen/sl_event_handler.o
 .ARM.attributes
                0x00000000000001a4       0x3a ./autogen/sl_simple_led_instances.o
 .ARM.attributes
                0x00000000000001de       0x3a ./simplicity_sdk_2024.6.2/hardware/board/src/sl_board_control_gpio.o
 .ARM.attributes
                0x0000000000000218       0x3a ./simplicity_sdk_2024.6.2/hardware/board/src/sl_board_init.o
 .ARM.attributes
                0x0000000000000252       0x3a ./simplicity_sdk_2024.6.2/hardware/driver/mx25_flash_shutdown/src/sl_mx25_flash_shutdown_usart/sl_mx25_flash_shutdown.o
 .ARM.attributes
                0x000000000000028c       0x3a ./simplicity_sdk_2024.6.2/platform/Device/SiliconLabs/EFR32MG24/Source/startup_efr32mg24.o
 .ARM.attributes
                0x00000000000002c6       0x3a ./simplicity_sdk_2024.6.2/platform/Device/SiliconLabs/EFR32MG24/Source/system_efr32mg24.o
 .ARM.attributes
                0x0000000000000300       0x3a ./simplicity_sdk_2024.6.2/platform/common/src/sl_assert.o
 .ARM.attributes
                0x000000000000033a       0x3a ./simplicity_sdk_2024.6.2/platform/common/src/sl_core_cortexm.o
 .ARM.attributes
                0x0000000000000374       0x3a ./simplicity_sdk_2024.6.2/platform/common/src/sl_syscalls.o
 .ARM.attributes
                0x00000000000003ae       0x3a ./simplicity_sdk_2024.6.2/platform/driver/leddrv/src/sl_led.o
 .ARM.attributes
                0x00000000000003e8       0x3a ./simplicity_sdk_2024.6.2/platform/driver/leddrv/src/sl_simple_led.o
 .ARM.attributes
                0x0000000000000422       0x3a ./simplicity_sdk_2024.6.2/platform/emlib/src/em_cmu.o
 .ARM.attributes
                0x000000000000045c       0x3a ./simplicity_sdk_2024.6.2/platform/emlib/src/em_emu.o
 .ARM.attributes
                0x0000000000000496       0x3a ./simplicity_sdk_2024.6.2/platform/emlib/src/em_gpio.o
 .ARM.attributes
                0x00000000000004d0       0x3a ./simplicity_sdk_2024.6.2/platform/emlib/src/em_usart.o
 .ARM.attributes
                0x000000000000050a       0x3a ./simplicity_sdk_2024.6.2/platform/peripheral/src/sl_hal_sysrtc.o
 .ARM.attributes
                0x0000000000000544       0x3a ./simplicity_sdk_2024.6.2/platform/service/clock_manager/src/sl_clock_manager.o
 .ARM.attributes
                0x000000000000057e       0x3a ./simplicity_sdk_2024.6.2/platform/service/clock_manager/src/sl_clock_manager_hal_s2.o
 .ARM.attributes
                0x00000000000005b8       0x3a ./simplicity_sdk_2024.6.2/platform/service/clock_manager/src/sl_clock_manager_init.o
 .ARM.attributes
                0x00000000000005f2       0x3a ./simplicity_sdk_2024.6.2/platform/service/clock_manager/src/sl_clock_manager_init_hal_s2.o
 .ARM.attributes
                0x000000000000062c       0x3a ./simplicity_sdk_2024.6.2/platform/service/device_init/src/sl_device_init_dcdc_s2.o
 .ARM.attributes
                0x0000000000000666       0x3a ./simplicity_sdk_2024.6.2/platform/service/device_init/src/sl_device_init_emu_s2.o
 .ARM.attributes
                0x00000000000006a0       0x3a ./simplicity_sdk_2024.6.2/platform/service/device_manager/clocks/sl_device_clock_efr32xg24.o
 .ARM.attributes